Component: ARM Compiler 6.12 Tool: armlink [5d624300]

==============================================================================

Section Cross References

    startup_stm32h750xx.o(RESET) refers to startup_stm32h750xx.o(STACK) for __initial_sp
    startup_stm32h750xx.o(RESET) refers to startup_stm32h750xx.o(.text) for Reset_Handler
    startup_stm32h750xx.o(RESET) refers to stm32h7xx_it.o(.text.NMI_Handler) for NMI_Handler
    startup_stm32h750xx.o(RESET) refers to stm32h7xx_it.o(.text.HardFault_Handler) for HardFault_Handler
    startup_stm32h750xx.o(RESET) refers to stm32h7xx_it.o(.text.MemManage_Handler) for MemManage_Handler
    startup_stm32h750xx.o(RESET) refers to stm32h7xx_it.o(.text.BusFault_Handler) for BusFault_Handler
    startup_stm32h750xx.o(RESET) refers to stm32h7xx_it.o(.text.UsageFault_Handler) for UsageFault_Handler
    startup_stm32h750xx.o(RESET) refers to stm32h7xx_it.o(.text.SVC_Handler) for SVC_Handler
    startup_stm32h750xx.o(RESET) refers to stm32h7xx_it.o(.text.DebugMon_Handler) for DebugMon_Handler
    startup_stm32h750xx.o(RESET) refers to stm32h7xx_it.o(.text.PendSV_Handler) for PendSV_Handler
    startup_stm32h750xx.o(RESET) refers to stm32h7xx_it.o(.text.SysTick_Handler) for SysTick_Handler
    startup_stm32h750xx.o(RESET) refers to stm32h7xx_it.o(.text.DMA1_Stream0_IRQHandler) for DMA1_Stream0_IRQHandler
    startup_stm32h750xx.o(RESET) refers to stm32h7xx_it.o(.text.DMA1_Stream1_IRQHandler) for DMA1_Stream1_IRQHandler
    startup_stm32h750xx.o(RESET) refers to stm32h7xx_it.o(.text.ADC_IRQHandler) for ADC_IRQHandler
    startup_stm32h750xx.o(RESET) refers to stm32h7xx_it.o(.text.EXTI9_5_IRQHandler) for EXTI9_5_IRQHandler
    startup_stm32h750xx.o(RESET) refers to stm32h7xx_it.o(.text.TIM2_IRQHandler) for TIM2_IRQHandler
    startup_stm32h750xx.o(RESET) refers to stm32h7xx_it.o(.text.USART1_IRQHandler) for USART1_IRQHandler
    startup_stm32h750xx.o(RESET) refers to stm32h7xx_it.o(.text.USART6_IRQHandler) for USART6_IRQHandler
    startup_stm32h750xx.o(RESET) refers to stm32h7xx_it.o(.text.UART8_IRQHandler) for UART8_IRQHandler
    startup_stm32h750xx.o(.text) refers to system_stm32h7xx.o(.text.SystemInit) for SystemInit
    startup_stm32h750xx.o(.text) refers to entry.o(.ARM.Collect$$$$00000000) for __main
    motor.o(.text.LeftMotor_Go) refers to stm32h7xx_hal_gpio.o(.text.HAL_GPIO_WritePin) for HAL_GPIO_WritePin
    motor.o(.ARM.exidx.text.LeftMotor_Go) refers to motor.o(.text.LeftMotor_Go) for [Anonymous Symbol]
    motor.o(.text.LeftMotor_Back) refers to stm32h7xx_hal_gpio.o(.text.HAL_GPIO_WritePin) for HAL_GPIO_WritePin
    motor.o(.ARM.exidx.text.LeftMotor_Back) refers to motor.o(.text.LeftMotor_Back) for [Anonymous Symbol]
    motor.o(.text.LeftMotor_Stop) refers to stm32h7xx_hal_gpio.o(.text.HAL_GPIO_WritePin) for HAL_GPIO_WritePin
    motor.o(.ARM.exidx.text.LeftMotor_Stop) refers to motor.o(.text.LeftMotor_Stop) for [Anonymous Symbol]
    motor.o(.text.RightMotor_Go) refers to stm32h7xx_hal_gpio.o(.text.HAL_GPIO_WritePin) for HAL_GPIO_WritePin
    motor.o(.ARM.exidx.text.RightMotor_Go) refers to motor.o(.text.RightMotor_Go) for [Anonymous Symbol]
    motor.o(.text.RightMotor_Back) refers to stm32h7xx_hal_gpio.o(.text.HAL_GPIO_WritePin) for HAL_GPIO_WritePin
    motor.o(.ARM.exidx.text.RightMotor_Back) refers to motor.o(.text.RightMotor_Back) for [Anonymous Symbol]
    motor.o(.text.RightMotor_Stop) refers to stm32h7xx_hal_gpio.o(.text.HAL_GPIO_WritePin) for HAL_GPIO_WritePin
    motor.o(.ARM.exidx.text.RightMotor_Stop) refers to motor.o(.text.RightMotor_Stop) for [Anonymous Symbol]
    motor.o(.text.MotorControl) refers to motor.o(.text.LeftMotor_Back) for LeftMotor_Back
    motor.o(.text.MotorControl) refers to motor.o(.text.LeftMotor_Go) for LeftMotor_Go
    motor.o(.text.MotorControl) refers to motor.o(.text.RightMotor_Go) for RightMotor_Go
    motor.o(.text.MotorControl) refers to motor.o(.text.RightMotor_Back) for RightMotor_Back
    motor.o(.text.MotorControl) refers to motor.o(.text.LeftMotor_Stop) for LeftMotor_Stop
    motor.o(.text.MotorControl) refers to motor.o(.text.RightMotor_Stop) for RightMotor_Stop
    motor.o(.text.MotorControl) refers to tim.o(.bss.htim3) for htim3
    motor.o(.text.MotorControl) refers to tim.o(.bss.htim1) for htim1
    motor.o(.ARM.exidx.text.MotorControl) refers to motor.o(.text.MotorControl) for [Anonymous Symbol]
    lcd.o(.text.LCD_Fill) refers to lcd_init.o(.text.LCD_Address_Set) for LCD_Address_Set
    lcd.o(.text.LCD_Fill) refers to lcd_init.o(.text.LCD_WR_DATA) for LCD_WR_DATA
    lcd.o(.ARM.exidx.text.LCD_Fill) refers to lcd.o(.text.LCD_Fill) for [Anonymous Symbol]
    lcd.o(.text.LCD_DrawPoint) refers to lcd_init.o(.text.LCD_Address_Set) for LCD_Address_Set
    lcd.o(.text.LCD_DrawPoint) refers to lcd_init.o(.text.LCD_WR_DATA) for LCD_WR_DATA
    lcd.o(.ARM.exidx.text.LCD_DrawPoint) refers to lcd.o(.text.LCD_DrawPoint) for [Anonymous Symbol]
[...]
    [Anonymous Symbol]                       0x080057e4   Section        0  usart.o(.text.MX_USART1_UART_Init)
    __arm_cp.1_0                             0x08005844   Number         4  usart.o(.text.MX_USART1_UART_Init)
    __arm_cp.1_1                             0x08005848   Number         4  usart.o(.text.MX_USART1_UART_Init)
    [Anonymous Symbol]                       0x0800584c   Section        0  usart.o(.text.MX_USART6_UART_Init)
    __arm_cp.2_0                             0x080058ac   Number         4  usart.o(.text.MX_USART6_UART_Init)
    __arm_cp.2_1                             0x080058b0   Number         4  usart.o(.text.MX_USART6_UART_Init)
    [Anonymous Symbol]                       0x080058b4   Section        0  stm32h7xx_it.o(.text.MemManage_Handler)
    [Anonymous Symbol]                       0x080058b6   Section        0  stm32h7xx_it.o(.text.NMI_Handler)
    [Anonymous Symbol]                       0x080058b8   Section        0  stm32h7xx_it.o(.text.PendSV_Handler)
    RCCEx_PLL2_Config                        0x080058bd   Thumb Code   260  stm32h7xx_hal_rcc_ex.o(.text.RCCEx_PLL2_Config)
    [Anonymous Symbol]                       0x080058bc   Section        0  stm32h7xx_hal_rcc_ex.o(.text.RCCEx_PLL2_Config)
    RCCEx_PLL3_Config                        0x080059bd   Thumb Code   260  stm32h7xx_hal_rcc_ex.o(.text.RCCEx_PLL3_Config)
    [Anonymous Symbol]                       0x080059bc   Section        0  stm32h7xx_hal_rcc_ex.o(.text.RCCEx_PLL3_Config)
    [Anonymous Symbol]                       0x08005abc   Section        0  stm32h7xx_it.o(.text.SVC_Handler)
    [Anonymous Symbol]                       0x08005abe   Section        0  stm32h7xx_it.o(.text.SysTick_Handler)
    [Anonymous Symbol]                       0x08005ac4   Section        0  main.o(.text.SystemClock_Config)
    __arm_cp.12_0                            0x08005b7c   Number         4  main.o(.text.SystemClock_Config)
    __arm_cp.12_1                            0x08005b80   Number         4  main.o(.text.SystemClock_Config)
    [Anonymous Symbol]                       0x08005b84   Section        0  system_stm32h7xx.o(.text.SystemInit)
    __arm_cp.0_0                             0x08005c10   Number         4  system_stm32h7xx.o(.text.SystemInit)
    __arm_cp.0_1                             0x08005c14   Number         4  system_stm32h7xx.o(.text.SystemInit)
    __arm_cp.0_2                             0x08005c18   Number         4  system_stm32h7xx.o(.text.SystemInit)
    __arm_cp.0_3                             0x08005c1c   Number         4  system_stm32h7xx.o(.text.SystemInit)
    __arm_cp.0_4                             0x08005c20   Number         4  system_stm32h7xx.o(.text.SystemInit)
    __arm_cp.0_5                             0x08005c24   Number         4  system_stm32h7xx.o(.text.SystemInit)
    __arm_cp.0_6                             0x08005c28   Number         4  system_stm32h7xx.o(.text.SystemInit)
    __arm_cp.0_7                             0x08005c2c   Number         4  system_stm32h7xx.o(.text.SystemInit)
    __arm_cp.0_8                             0x08005c30   Number         4  system_stm32h7xx.o(.text.SystemInit)
    __arm_cp.0_9                             0x08005c34   Number         4  system_stm32h7xx.o(.text.SystemInit)
    [Anonymous Symbol]                       0x08005c38   Section        0  stm32h7xx_it.o(.text.TIM2_IRQHandler)
    __arm_cp.13_0                            0x08005c40   Number         4  stm32h7xx_it.o(.text.TIM2_IRQHandler)
    [Anonymous Symbol]                       0x08005c44   Section        0  stm32h7xx_hal_tim.o(.text.TIM_Base_SetConfig)
    __arm_cp.2_1                             0x08005d1c   Number         4  stm32h7xx_hal_tim.o(.text.TIM_Base_SetConfig)
    __arm_cp.2_2                             0x08005d20   Number         4  stm32h7xx_hal_tim.o(.text.TIM_Base_SetConfig)
    __arm_cp.2_3                             0x08005d24   Number         4  stm32h7xx_hal_tim.o(.text.TIM_Base_SetConfig)
    [Anonymous Symbol]                       0x08005d28   Section        0  stm32h7xx_hal_tim.o(.text.TIM_CCxChannelCmd)
    TIM_OC1_SetConfig                        0x08005d49   Thumb Code   140  stm32h7xx_hal_tim.o(.text.TIM_OC1_SetConfig)
    [Anonymous Symbol]                       0x08005d48   Section        0  stm32h7xx_hal_tim.o(.text.TIM_OC1_SetConfig)
    [Anonymous Symbol]                       0x08005dbc   Section        0  stm32h7xx_hal_tim.o(.text.TIM_OC2_SetConfig)
    TIM_OC3_SetConfig                        0x08005e35   Thumb Code   144  stm32h7xx_hal_tim.o(.text.TIM_OC3_SetConfig)
    [Anonymous Symbol]                       0x08005e34   Section        0  stm32h7xx_hal_tim.o(.text.TIM_OC3_SetConfig)
    __arm_cp.76_0                            0x08005eac   Number         4  stm32h7xx_hal_tim.o(.text.TIM_OC3_SetConfig)
    TIM_OC4_SetConfig                        0x08005eb1   Thumb Code   120  stm32h7xx_hal_tim.o(.text.TIM_OC4_SetConfig)
    [Anonymous Symbol]                       0x08005eb0   Section        0  stm32h7xx_hal_tim.o(.text.TIM_OC4_SetConfig)
    __arm_cp.77_0                            0x08005f10   Number         4  stm32h7xx_hal_tim.o(.text.TIM_OC4_SetConfig)
    TIM_OC5_SetConfig                        0x08005f15   Thumb Code   120  stm32h7xx_hal_tim.o(.text.TIM_OC5_SetConfig)
    [Anonymous Symbol]                       0x08005f14   Section        0  stm32h7xx_hal_tim.o(.text.TIM_OC5_SetConfig)
    __arm_cp.78_0                            0x08005f74   Number         4  stm32h7xx_hal_tim.o(.text.TIM_OC5_SetConfig)
    __arm_cp.78_1                            0x08005f78   Number         4  stm32h7xx_hal_tim.o(.text.TIM_OC5_SetConfig)
    TIM_OC6_SetConfig                        0x08005f7d   Thumb Code   120  stm32h7xx_hal_tim.o(.text.TIM_OC6_SetConfig)
    [Anonymous Symbol]                       0x08005f7c   Section        0  stm32h7xx_hal_tim.o(.text.TIM_OC6_SetConfig)
    __arm_cp.79_0                            0x08005fdc   Number         4  stm32h7xx_hal_tim.o(.text.TIM_OC6_SetConfig)
    __arm_cp.79_1                            0x08005fe0   Number         4  stm32h7xx_hal_tim.o(.text.TIM_OC6_SetConfig)
    __arm_cp.79_2                            0x08005fe4   Number         4  stm32h7xx_hal_tim.o(.text.TIM_OC6_SetConfig)
    __arm_cp.79_3                            0x08005fe8   Number         4  stm32h7xx_hal_tim.o(.text.TIM_OC6_SetConfig)
    __arm_cp.79_4                            0x08005fec   Number         4  stm32h7xx_hal_tim.o(.text.TIM_OC6_SetConfig)
    __arm_cp.79_5                            0x08005ff0   Number         4  stm32h7xx_hal_tim.o(.text.TIM_OC6_SetConfig)
    TIM_TI1_ConfigInputStage                 0x08005ff5   Thumb Code    34  stm32h7xx_hal_tim.o(.text.TIM_TI1_ConfigInputStage)
    [Anonymous Symbol]                       0x08005ff4   Section        0  stm32h7xx_hal_tim.o(.text.TIM_TI1_ConfigInputStage)
    TIM_TI2_ConfigInputStage                 0x08006017   Thumb Code    36  stm32h7xx_hal_tim.o(.text.TIM_TI2_ConfigInputStage)
    [Anonymous Symbol]                       0x08006016   Section        0  stm32h7xx_hal_tim.o(.text.TIM_TI2_ConfigInputStage)
    [Anonymous Symbol]                       0x0800603c   Section        0  stm32h7xx_it.o(.text.UART8_IRQHandler)
    __arm_cp.16_0                            0x08006044   Number         4  stm32h7xx_it.o(.text.UART8_IRQHandler)
    UARTEx_SetNbDataToProcess                0x08006049   Thumb Code    84  stm32h7xx_hal_uart_ex.o(.text.UARTEx_SetNbDataToProcess)
    [Anonymous Symbol]                       0x08006048   Section        0  stm32h7xx_hal_uart_ex.o(.text.UARTEx_SetNbDataToProcess)
    __arm_cp.9_0                             0x08006094   Number         4  stm32h7xx_hal_uart_ex.o(.text.UARTEx_SetNbDataToProcess)
    __arm_cp.9_1                             0x08006098   Number         4  stm32h7xx_hal_uart_ex.o(.text.UARTEx_SetNbDataToProcess)
    [Anonymous Symbol]                       0x0800609c   Section        0  stm32h7xx_hal_uart.o(.text.UART_AdvFeatureConfig)
    [Anonymous Symbol]                       0x08006162   Section        0  stm32h7xx_hal_uart.o(.text.UART_CheckIdleState)
    UART_DMAAbortOnError                     0x08006217   Thumb Code    16  stm32h7xx_hal_uart.o(.text.UART_DMAAbortOnError)
    [Anonymous Symbol]                       0x08006216   Section        0  stm32h7xx_hal_uart.o(.text.UART_DMAAbortOnError)
    UART_EndRxTransfer                       0x08006229   Thumb Code    92  stm32h7xx_hal_uart.o(.text.UART_EndRxTransfer)
    [Anonymous Symbol]                       0x08006228   Section        0  stm32h7xx_hal_uart.o(.text.UART_EndRxTransfer)
    UART_RxISR_16BIT                         0x08006281   Thumb Code   208  stm32h7xx_hal_uart.o(.text.UART_RxISR_16BIT)
    [Anonymous Symbol]                       0x08006280   Section        0  stm32h7xx_hal_uart.o(.text.UART_RxISR_16BIT)
    UART_RxISR_16BIT_FIFOEN                  0x0800634d   Thumb Code   428  stm32h7xx_hal_uart.o(.text.UART_RxISR_16BIT_FIFOEN)
    [Anonymous Symbol]                       0x0800634c   Section        0  stm32h7xx_hal_uart.o(.text.UART_RxISR_16BIT_FIFOEN)
    __arm_cp.63_0                            0x080064ec   Number         4  stm32h7xx_hal_uart.o(.text.UART_RxISR_16BIT_FIFOEN)
    __arm_cp.63_1                            0x080064f0   Number         4  stm32h7xx_hal_uart.o(.text.UART_RxISR_16BIT_FIFOEN)
    UART_RxISR_8BIT                          0x080064f5   Thumb Code   204  stm32h7xx_hal_uart.o(.text.UART_RxISR_8BIT)
    [Anonymous Symbol]                       0x080064f4   Section        0  stm32h7xx_hal_uart.o(.text.UART_RxISR_8BIT)
    __arm_cp.66_0                            0x080065bc   Number         4  stm32h7xx_hal_uart.o(.text.UART_RxISR_8BIT)
    UART_RxISR_8BIT_FIFOEN                   0x080065c1   Thumb Code   436  stm32h7xx_hal_uart.o(.text.UART_RxISR_8BIT_FIFOEN)
    [Anonymous Symbol]                       0x080065c0   Section        0  stm32h7xx_hal_uart.o(.text.UART_RxISR_8BIT_FIFOEN)
    __arm_cp.64_0                            0x08006768   Number         4  stm32h7xx_hal_uart.o(.text.UART_RxISR_8BIT_FIFOEN)
    __arm_cp.64_1                            0x0800676c   Number         4  stm32h7xx_hal_uart.o(.text.UART_RxISR_8BIT_FIFOEN)
    __arm_cp.64_2                            0x08006770   Number         4  stm32h7xx_hal_uart.o(.text.UART_RxISR_8BIT_FIFOEN)
    [Anonymous Symbol]                       0x08006774   Section        0  stm32h7xx_hal_uart.o(.text.UART_SetConfig)
    __arm_cp.2_28                            0x080069b0   Number         4  stm32h7xx_hal_uart.o(.text.UART_SetConfig)
    __arm_cp.2_39                            0x080069b4   Number         4  stm32h7xx_hal_uart.o(.text.UART_SetConfig)
    __arm_cp.2_29                            0x08006a08   Number         4  stm32h7xx_hal_uart.o(.text.UART_SetConfig)
    __arm_cp.2_30                            0x08006a0c   Number         4  stm32h7xx_hal_uart.o(.text.UART_SetConfig)
    __arm_cp.2_31                            0x08006a10   Number         4  stm32h7xx_hal_uart.o(.text.UART_SetConfig)
    __arm_cp.2_32                            0x08006a14   Number         4  stm32h7xx_hal_uart.o(.text.UART_SetConfig)
    __arm_cp.2_33                            0x08006a18   Number         4  stm32h7xx_hal_uart.o(.text.UART_SetConfig)
    __arm_cp.2_34                            0x08006a1c   Number         4  stm32h7xx_hal_uart.o(.text.UART_SetConfig)
    __arm_cp.2_35                            0x08006a20   Number         4  stm32h7xx_hal_uart.o(.text.UART_SetConfig)
    __arm_cp.2_36                            0x08006a24   Number         4  stm32h7xx_hal_uart.o(.text.UART_SetConfig)
    __arm_cp.2_37                            0x08006a28   Number         4  stm32h7xx_hal_uart.o(.text.UART_SetConfig)
    __arm_cp.2_38                            0x08006a2c   Number         4  stm32h7xx_hal_uart.o(.text.UART_SetConfig)
    __arm_cp.2_12                            0x08006b00   Number         4  stm32h7xx_hal_uart.o(.text.UART_SetConfig)
    __arm_cp.2_13                            0x08006b04   Number         4  stm32h7xx_hal_uart.o(.text.UART_SetConfig)
    __arm_cp.2_14                            0x08006b08   Number         4  stm32h7xx_hal_uart.o(.text.UART_SetConfig)
    __arm_cp.2_15                            0x08006b0c   Number         4  stm32h7xx_hal_uart.o(.text.UART_SetConfig)
    [Anonymous Symbol]                       0x08006b10   Section        0  stm32h7xx_hal_uart.o(.text.UART_Start_Receive_IT)
    __arm_cp.19_0                            0x08006c1c   Number         4  stm32h7xx_hal_uart.o(.text.UART_Start_Receive_IT)
    __arm_cp.19_1                            0x08006c20   Number         4  stm32h7xx_hal_uart.o(.text.UART_Start_Receive_IT)
    __arm_cp.19_2                            0x08006c24   Number         4  stm32h7xx_hal_uart.o(.text.UART_Start_Receive_IT)
    __arm_cp.19_3                            0x08006c28   Number         4  stm32h7xx_hal_uart.o(.text.UART_Start_Receive_IT)
    UART_TxISR_16BIT                         0x08006c2d   Thumb Code    86  stm32h7xx_hal_uart.o(.text.UART_TxISR_16BIT)
    [Anonymous Symbol]                       0x08006c2c   Section        0  stm32h7xx_hal_uart.o(.text.UART_TxISR_16BIT)
    UART_TxISR_16BIT_FIFOEN                  0x08006c83   Thumb Code   108  stm32h7xx_hal_uart.o(.text.UART_TxISR_16BIT_FIFOEN)
    [Anonymous Symbol]                       0x08006c82   Section        0  stm32h7xx_hal_uart.o(.text.UART_TxISR_16BIT_FIFOEN)
    UART_TxISR_8BIT                          0x08006cef   Thumb Code    82  stm32h7xx_hal_uart.o(.text.UART_TxISR_8BIT)
    [Anonymous Symbol]                       0x08006cee   Section        0  stm32h7xx_hal_uart.o(.text.UART_TxISR_8BIT)
    UART_TxISR_8BIT_FIFOEN                   0x08006d41   Thumb Code   104  stm32h7xx_hal_uart.o(.text.UART_TxISR_8BIT_FIFOEN)
    [Anonymous Symbol]                       0x08006d40   Section        0  stm32h7xx_hal_uart.o(.text.UART_TxISR_8BIT_FIFOEN)
    [Anonymous Symbol]                       0x08006da8   Section        0  stm32h7xx_hal_uart.o(.text.UART_WaitOnFlagUntilTimeout)
    [Anonymous Symbol]                       0x08006e3c   Section        0  stm32h7xx_it.o(.text.USART1_IRQHandler)
    [Anonymous Symbol]                       0x08006e44   Section        0  stm32h7xx_it.o(.text.USART6_IRQHandler)
    [Anonymous Symbol]                       0x08006e4c   Section        0  stm32h7xx_it.o(.text.UsageFault_Handler)
    __NVIC_SetPriority                       0x08006e51   Thumb Code    32  stm32h7xx_hal_cortex.o(.text.__NVIC_SetPriority)
    [Anonymous Symbol]                       0x08006e50   Section        0  stm32h7xx_hal_cortex.o(.text.__NVIC_SetPriority)
    __arm_cp.2_0                             0x08006e68   Number         4  stm32h7xx_hal_cortex.o(.text.__NVIC_SetPriority)
    __arm_cp.2_1                             0x08006e6c   Number         4  stm32h7xx_hal_cortex.o(.text.__NVIC_SetPriority)
    [Anonymous Symbol]                       0x08006e70   Section        0  main.o(.text.main)
    __arm_cp.11_0                            0x0800706c   Number         4  main.o(.text.main)
    __arm_cp.11_1                            0x08007070   Number         4  main.o(.text.main)
    __arm_cp.11_2                            0x08007074   Number         4  main.o(.text.main)
    __arm_cp.11_3                            0x08007078   Number         4  main.o(.text.main)
    __arm_cp.11_4                            0x0800707c   Number         4  main.o(.text.main)
    __arm_cp.11_5                            0x08007080   Number         4  main.o(.text.main)
    __arm_cp.11_6                            0x08007084   Number         4  main.o(.text.main)
    __arm_cp.11_7                            0x08007088   Number         4  main.o(.text.main)
    __arm_cp.11_8                            0x0800708c   Number         4  main.o(.text.main)
    __arm_cp.11_9                            0x08007090   Number         4  main.o(.text.main)
    __arm_cp.11_10                           0x08007094   Number         4  main.o(.text.main)
    __arm_cp.11_11                           0x08007098   Number         4  main.o(.text.main)
    __arm_cp.11_12                           0x0800709c   Number         4  main.o(.text.main)
    i.__scatterload_copy                     0x080070a0   Section       14  handlers.o(i.__scatterload_copy)
    i.__scatterload_null                     0x080070ae   Section        2  handlers.o(i.__scatterload_null)
    i.__scatterload_zeroinit                 0x080070b0   Section       14  handlers.o(i.__scatterload_zeroinit)
    DMA_CalcBaseAndBitshift.flagBitshiftOffset 0x080074b6   Data           8  stm32h7xx_hal_dma.o(.rodata.cst8)
    UARTEx_SetNbDataToProcess.numerator      0x080074be   Data           8  stm32h7xx_hal_uart_ex.o(.rodata.cst8)
    UARTEx_SetNbDataToProcess.denominator    0x080074c6   Data           8  stm32h7xx_hal_uart_ex.o(.rodata.cst8)
    [Anonymous Symbol]                       0x24000000   Section        0  main.o(.data..L_MergedGlobals)
    [Anonymous Symbol]                       0x24000038   Section        0  stm32h7xx_hal.o(.data..L_MergedGlobals)
    [Anonymous Symbol]                       0x24000040   Section        0  system_stm32h7xx.o(.data..L_MergedGlobals)
    [Anonymous Symbol]                       0x24000048   Section        0  main.o(.bss..L_MergedGlobals.11)
    HAL_UART_RxCpltCallback.processedV       0x24000064   Data           1  main.o(.bss..L_MergedGlobals.11)
    HAL_UART_RxCpltCallback.processedP       0x24000066   Data           1  main.o(.bss..L_MergedGlobals.11)
    HAL_UART_RxCpltCallback.processedB       0x24000067   Data           1  main.o(.bss..L_MergedGlobals.11)
    HAL_UART_RxCpltCallback.processedI       0x24000068   Data           1  main.o(.bss..L_MergedGlobals.11)
    HAL_UART_RxCpltCallback.processedM       0x24000069   Data           1  main.o(.bss..L_MergedGlobals.11)
    HAL_UART_RxCpltCallback.processedH       0x2400006c   Data           1  main.o(.bss..L_MergedGlobals.11)
    HAL_UART_RxCpltCallback.processedL       0x2400006d   Data           1  main.o(.bss..L_MergedGlobals.11)
    HAL_UART_RxCpltCallback.processedA       0x2400006e   Data           1  main.o(.bss..L_MergedGlobals.11)
    HAL_UART_RxCpltCallback.processedA.1     0x2400006f   Data           1  main.o(.bss..L_MergedGlobals.11)
    HAL_UART_RxCpltCallback.processedW       0x24000070   Data           1  main.o(.bss..L_MergedGlobals.11)
    hc_bz.zaw                                0x24000076   Data           1  main.o(.bss..L_MergedGlobals.11)
    detection_yw.data                        0x24000088   Data           4  main.o(.bss..L_MergedGlobals.11)
    yy_bz.cm                                 0x2400008c   Data           4  main.o(.bss..L_MergedGlobals.11)
    STACK                                    0x240004f8   Section     1024  startup_stm32h750xx.o(STACK)

    Global Symbols

    Symbol Name                              Value     Ov Type        Size  Object(Section)

    BuildAttributes$$THM_ISAv4$E$P$D$K$B$S$7EM$VFPv5_D16$PE$PLD8$A:L22UL41UL21$X:L11$S22US41US21$IEEE1$IW$~IW$USESV6$~STKCKD$USESV7$~SHL$OSPACE$ROPI$EBA8$MICROLIB$REQ8$PRES8$EABIv2 0x00000000   Number         0  anon$$obj.o ABSOLUTE
    _printf_a                                0x00000000   Number         0  stubs.o ABSOLUTE
    _printf_c                                0x00000000   Number         0  stubs.o ABSOLUTE
    _printf_charcount                        0x00000000   Number         0  stubs.o ABSOLUTE
    _printf_d                                0x00000000   Number         0  stubs.o ABSOLUTE
    _printf_e                                0x00000000   Number         0  stubs.o ABSOLUTE
    _printf_f                                0x00000000   Number         0  stubs.o ABSOLUTE
    _printf_flags                            0x00000000   Number         0  stubs.o ABSOLUTE
    _printf_fp_dec                           0x00000000   Number         0  stubs.o ABSOLUTE
    _printf_fp_hex                           0x00000000   Number         0  stubs.o ABSOLUTE
    _printf_g                                0x00000000   Number         0  stubs.o ABSOLUTE
    _printf_i                                0x00000000   Number         0  stubs.o ABSOLUTE
    _printf_int_dec                          0x00000000   Number         0  stubs.o ABSOLUTE
    _printf_l                                0x00000000   Number         0  stubs.o ABSOLUTE
    _printf_lc                               0x00000000   Number         0  stubs.o ABSOLUTE
    _printf_ll                               0x00000000   Number         0  stubs.o ABSOLUTE
    _printf_lld                              0x00000000   Number         0  stubs.o ABSOLUTE
    _printf_lli                              0x00000000   Number         0  stubs.o ABSOLUTE
    _printf_llo                              0x00000000   Number         0  stubs.o ABSOLUTE
    _printf_llu                              0x00000000   Number         0  stubs.o ABSOLUTE
    _printf_llx                              0x00000000   Number         0  stubs.o ABSOLUTE
    _printf_longlong_dec                     0x00000000   Number         0  stubs.o ABSOLUTE
    _printf_longlong_hex                     0x00000000   Number         0  stubs.o ABSOLUTE
    _printf_longlong_oct                     0x00000000   Number         0  stubs.o ABSOLUTE
    _printf_ls                               0x00000000   Number         0  stubs.o ABSOLUTE
    _printf_mbtowc                           0x00000000   Number         0  stubs.o ABSOLUTE
    _printf_n                                0x00000000   Number         0  stubs.o ABSOLUTE
    _printf_o                                0x00000000   Number         0  stubs.o ABSOLUTE
    _printf_p                                0x00000000   Number         0  stubs.o ABSOLUTE
    _printf_percent                          0x00000000   Number         0  stubs.o ABSOLUTE
    _printf_pre_padding                      0x00000000   Number         0  stubs.o ABSOLUTE
    _printf_return_value                     0x00000000   Number         0  stubs.o ABSOLUTE
    _printf_s                                0x00000000   Number         0  stubs.o ABSOLUTE
    _printf_sizespec                         0x00000000   Number         0  stubs.o ABSOLUTE
    _printf_str                              0x00000000   Number         0  stubs.o ABSOLUTE
    _printf_truncate_signed                  0x00000000   Number         0  stubs.o ABSOLUTE
    _printf_truncate_unsigned                0x00000000   Number         0  stubs.o ABSOLUTE
    _printf_u                                0x00000000   Number         0  stubs.o ABSOLUTE
    _printf_wc                               0x00000000   Number         0  stubs.o ABSOLUTE
    _printf_wctomb                           0x00000000   Number         0  stubs.o ABSOLUTE
    _printf_widthprec                        0x00000000   Number         0  stubs.o ABSOLUTE
    _printf_x                                0x00000000   Number         0  stubs.o ABSOLUTE
    __cpp_initialize__aeabi_                  - Undefined Weak Reference
    __cxa_finalize                            - Undefined Weak Reference
    __decompress                              - Undefined Weak Reference
    _clock_init                               - Undefined Weak Reference
    _microlib_exit                            - Undefined Weak Reference
    __Vectors_Size                           0x00000298   Number         0  startup_stm32h750xx.o ABSOLUTE
    __Vectors                                0x08000000   Data           4  startup_stm32h750xx.o(RESET)
    __Vectors_End                            0x08000298   Data           0  startup_stm32h750xx.o(RESET)
    __main                                   0x08000299   Thumb Code     0  entry.o(.ARM.Collect$$$$00000000)
    _main_stk                                0x08000299   Thumb Code     0  entry2.o(.ARM.Collect$$$$00000001)
    _main_scatterload                        0x0800029d   Thumb Code     0  entry5.o(.ARM.Collect$$$$00000004)
    __main_after_scatterload                 0x080002a1   Thumb Code     0  entry5.o(.ARM.Collect$$$$00000004)
    _main_clock                              0x080002a1   Thumb Code     0  entry7b.o(.ARM.Collect$$$$00000008)
    _main_cpp_init                           0x080002a1   Thumb Code     0  entry8b.o(.ARM.Collect$$$$0000000A)
    _main_init                               0x080002a1   Thumb Code     0  entry9a.o(.ARM.Collect$$$$0000000B)
    __rt_final_cpp                           0x080002a9   Thumb Code     0  entry10a.o(.ARM.Collect$$$$0000000D)
    __rt_final_exit                          0x080002a9   Thumb Code     0  entry11a.o(.ARM.Collect$$$$0000000F)
    Reset_Handler                            0x080002ad   Thumb Code     8  startup_stm32h750xx.o(.text)
    ADC3_IRQHandler                          0x080002c7   Thumb Code     0  startup_stm32h750xx.o(.text)
    BDMA_Channel0_IRQHandler                 0x080002c7   Thumb Code     0  startup_stm32h750xx.o(.text)
    BDMA_Channel1_IRQHandler                 0x080002c7   Thumb Code     0  startup_stm32h750xx.o(.text)
    BDMA_Channel2_IRQHandler                 0x080002c7   Thumb Code     0  startup_stm32h750xx.o(.text)
    BDMA_Channel3_IRQHandler                 0x080002c7   Thumb Code     0  startup_stm32h750xx.o(.text)
    BDMA_Channel4_IRQHandler                 0x080002c7   Thumb Code     0  startup_stm32h750xx.o(.text)
    BDMA_Channel5_IRQHandler                 0x080002c7   Thumb Code     0  startup_stm32h750xx.o(.text)
    BDMA_Channel6_IRQHandler                 0x080002c7   Thumb Code     0  startup_stm32h750xx.o(.text)
    BDMA_Channel7_IRQHandler                 0x080002c7   Thumb Code     0  startup_stm32h750xx.o(.text)
    CEC_IRQHandler                           0x080002c7   Thumb Code     0  startup_stm32h750xx.o(.text)
    COMP1_IRQHandler                         0x080002c7   Thumb Code     0  startup_stm32h750xx.o(.text)
    CRS_IRQHandler                           0x080002c7   Thumb Code     0  startup_stm32h750xx.o(.text)
    CRYP_IRQHandler                          0x080002c7   Thumb Code     0  startup_stm32h750xx.o(.text)
    DCMI_IRQHandler                          0x080002c7   Thumb Code     0  startup_stm32h750xx.o(.text)
    DFSDM1_FLT0_IRQHandler                   0x080002c7   Thumb Code     0  startup_stm32h750xx.o(.text)
    DFSDM1_FLT1_IRQHandler                   0x080002c7   Thumb Code     0  startup_stm32h750xx.o(.text)
    DFSDM1_FLT2_IRQHandler                   0x080002c7   Thumb Code     0  startup_stm32h750xx.o(.text)
    DFSDM1_FLT3_IRQHandler                   0x080002c7   Thumb Code     0  startup_stm32h750xx.o(.text)
    DMA1_Stream2_IRQHandler                  0x080002c7   Thumb Code     0  startup_stm32h750xx.o(.text)
    DMA1_Stream3_IRQHandler                  0x080002c7   Thumb Code     0  startup_stm32h750xx.o(.text)
    DMA1_Stream4_IRQHandler                  0x080002c7   Thumb Code     0  startup_stm32h750xx.o(.text)
    DMA1_Stream5_IRQHandler                  0x080002c7   Thumb Code     0  startup_stm32h750xx.o(.text)
    DMA1_Stream6_IRQHandler                  0x080002c7   Thumb Code     0  startup_stm32h750xx.o(.text)
    DMA1_Stream7_IRQHandler                  0x080002c7   Thumb Code     0  startup_stm32h750xx.o(.text)
    DMA2D_IRQHandler                         0x080002c7   Thumb Code     0  startup_stm32h750xx.o(.text)
    DMA2_Stream0_IRQHandler                  0x080002c7   Thumb Code     0  startup_stm32h750xx.o(.text)
    DMA2_Stream1_IRQHandler                  0x080002c7   Thumb Code     0  startup_stm32h750xx.o(.text)
    DMA2_Stream2_IRQHandler                  0x080002c7   Thumb Code     0  startup_stm32h750xx.o(.text)
    DMA2_Stream3_IRQHandler                  0x080002c7   Thumb Code     0  startup_stm32h750xx.o(.text)
    DMA2_Stream4_IRQHandler                  0x080002c7   Thumb Code     0  startup_stm32h750xx.o(.text)
    DMA2_Stream5_IRQHandler                  0x080002c7   Thumb Code     0  startup_stm32h750xx.o(.text)
    DMA2_Stream6_IRQHandler                  0x080002c7   Thumb Code     0  startup_stm32h750xx.o(.text)
    DMA2_Stream7_IRQHandler                  0x080002c7   Thumb Code     0  startup_stm32h750xx.o(.text)
    DMAMUX1_OVR_IRQHandler                   0x080002c7   Thumb Code     0  startup_stm32h750xx.o(.text)
    DMAMUX2_OVR_IRQHandler                   0x080002c7   Thumb Code     0  startup_stm32h750xx.o(.text)
    ECC_IRQHandler                           0x080002c7   Thumb Code     0  startup_stm32h750xx.o(.text)
    ETH_IRQHandler                           0x080002c7   Thumb Code     0  startup_stm32h750xx.o(.text)
    ETH_WKUP_IRQHandler                      0x080002c7   Thumb Code     0  startup_stm32h750xx.o(.text)
    EXTI0_IRQHandler                         0x080002c7   Thumb Code     0  startup_stm32h750xx.o(.text)
    EXTI15_10_IRQHandler                     0x080002c7   Thumb Code     0  startup_stm32h750xx.o(.text)
    EXTI1_IRQHandler                         0x080002c7   Thumb Code     0  startup_stm32h750xx.o(.text)
    EXTI2_IRQHandler                         0x080002c7   Thumb Code     0  startup_stm32h750xx.o(.text)
    EXTI3_IRQHandler                         0x080002c7   Thumb Code     0  startup_stm32h750xx.o(.text)
    EXTI4_IRQHandler                         0x080002c7   Thumb Code     0  startup_stm32h750xx.o(.text)
    FDCAN1_IT0_IRQHandler                    0x080002c7   Thumb Code     0  startup_stm32h750xx.o(.text)
    FDCAN1_IT1_IRQHandler                    0x080002c7   Thumb Code     0  startup_stm32h750xx.o(.text)
    FDCAN2_IT0_IRQHandler                    0x080002c7   Thumb Code     0  startup_stm32h750xx.o(.text)
    FDCAN2_IT1_IRQHandler                    0x080002c7   Thumb Code     0  startup_stm32h750xx.o(.text)
    FDCAN_CAL_IRQHandler                     0x080002c7   Thumb Code     0  startup_stm32h750xx.o(.text)
    FLASH_IRQHandler                         0x080002c7   Thumb Code     0  startup_stm32h750xx.o(.text)
    FMC_IRQHandler                           0x080002c7   Thumb Code     0  startup_stm32h750xx.o(.text)
    FPU_IRQHandler                           0x080002c7   Thumb Code     0  startup_stm32h750xx.o(.text)
    HASH_RNG_IRQHandler                      0x080002c7   Thumb Code     0  startup_stm32h750xx.o(.text)
    HRTIM1_FLT_IRQHandler                    0x080002c7   Thumb Code     0  startup_stm32h750xx.o(.text)
    HRTIM1_Master_IRQHandler                 0x080002c7   Thumb Code     0  startup_stm32h750xx.o(.text)
    HRTIM1_TIMA_IRQHandler                   0x080002c7   Thumb Code     0  startup_stm32h750xx.o(.text)
    HRTIM1_TIMB_IRQHandler                   0x080002c7   Thumb Code     0  startup_stm32h750xx.o(.text)
    HRTIM1_TIMC_IRQHandler                   0x080002c7   Thumb Code     0  startup_stm32h750xx.o(.text)
    HRTIM1_TIMD_IRQHandler                   0x080002c7   Thumb Code     0  startup_stm32h750xx.o(.text)
    HRTIM1_TIME_IRQHandler                   0x080002c7   Thumb Code     0  startup_stm32h750xx.o(.text)
    HSEM1_IRQHandler                         0x080002c7   Thumb Code     0  startup_stm32h750xx.o(.text)
    I2C1_ER_IRQHandler                       0x080002c7   Thumb Code     0  startup_stm32h750xx.o(.text)
    I2C1_EV_IRQHandler                       0x080002c7   Thumb Code     0  startup_stm32h750xx.o(.text)
    I2C2_ER_IRQHandler                       0x080002c7   Thumb Code     0  startup_stm32h750xx.o(.text)
    I2C2_EV_IRQHandler                       0x080002c7   Thumb Code     0  startup_stm32h750xx.o(.text)
    I2C3_ER_IRQHandler                       0x080002c7   Thumb Code     0  startup_stm32h750xx.o(.text)
    I2C3_EV_IRQHandler                       0x080002c7   Thumb Code     0  startup_stm32h750xx.o(.text)
    I2C4_ER_IRQHandler                       0x080002c7   Thumb Code     0  startup_stm32h750xx.o(.text)
    I2C4_EV_IRQHandler                       0x080002c7   Thumb Code     0  startup_stm32h750xx.o(.text)
    JPEG_IRQHandler                          0x080002c7   Thumb Code     0  startup_stm32h750xx.o(.text)
    LPTIM1_IRQHandler                        0x080002c7   Thumb Code     0  startup_stm32h750xx.o(.text)
    LPTIM2_IRQHandler                        0x080002c7   Thumb Code     0  startup_stm32h750xx.o(.text)
    LPTIM3_IRQHandler                        0x080002c7   Thumb Code     0  startup_stm32h750xx.o(.text)
    LPTIM4_IRQHandler                        0x080002c7   Thumb Code     0  startup_stm32h750xx.o(.text)
    LPTIM5_IRQHandler                        0x080002c7   Thumb Code     0  startup_stm32h750xx.o(.text)
    LPUART1_IRQHandler                       0x080002c7   Thumb Code     0  startup_stm32h750xx.o(.text)
    LTDC_ER_IRQHandler                       0x080002c7   Thumb Code     0  startup_stm32h750xx.o(.text)
    LTDC_IRQHandler                          0x080002c7   Thumb Code     0  startup_stm32h750xx.o(.text)
    MDIOS_IRQHandler                         0x080002c7   Thumb Code     0  startup_stm32h750xx.o(.text)
    MDIOS_WKUP_IRQHandler                    0x080002c7   Thumb Code     0  startup_stm32h750xx.o(.text)
    MDMA_IRQHandler                          0x080002c7   Thumb Code     0  startup_stm32h750xx.o(.text)
    OTG_FS_EP1_IN_IRQHandler                 0x080002c7   Thumb Code     0  startup_stm32h750xx.o(.text)
    OTG_FS_EP1_OUT_IRQHandler                0x080002c7   Thumb Code     0  startup_stm32h750xx.o(.text)
    OTG_FS_IRQHandler                        0x080002c7   Thumb Code     0  startup_stm32h750xx.o(.text)
    OTG_FS_WKUP_IRQHandler                   0x080002c7   Thumb Code     0  startup_stm32h750xx.o(.text)
    OTG_HS_EP1_IN_IRQHandler                 0x080002c7   Thumb Code     0  startup_stm32h750xx.o(.text)
    OTG_HS_EP1_OUT_IRQHandler                0x080002c7   Thumb Code     0  startup_stm32h750xx.o(.text)
    OTG_HS_IRQHandler                        0x080002c7   Thumb Code     0  startup_stm32h750xx.o(.text)
    OTG_HS_WKUP_IRQHandler                   0x080002c7   Thumb Code     0  startup_stm32h750xx.o(.text)
    PVD_AVD_IRQHandler                       0x080002c7   Thumb Code     0  startup_stm32h750xx.o(.text)
    QUADSPI_IRQHandler                       0x080002c7   Thumb Code     0  startup_stm32h750xx.o(.text)
    RCC_IRQHandler                           0x080002c7   Thumb Code     0  startup_stm32h750xx.o(.text)
    RTC_Alarm_IRQHandler                     0x080002c7   Thumb Code     0  startup_stm32h750xx.o(.text)
    RTC_WKUP_IRQHandler                      0x080002c7   Thumb Code     0  startup_stm32h750xx.o(.text)
    SAI1_IRQHandler                          0x080002c7   Thumb Code     0  startup_stm32h750xx.o(.text)
    SAI2_IRQHandler                          0x080002c7   Thumb Code     0  startup_stm32h750xx.o(.text)
    SAI3_IRQHandler                          0x080002c7   Thumb Code     0  startup_stm32h750xx.o(.text)
    SAI4_IRQHandler                          0x080002c7   Thumb Code     0  startup_stm32h750xx.o(.text)
    SDMMC1_IRQHandler                        0x080002c7   Thumb Code     0  startup_stm32h750xx.o(.text)
    SDMMC2_IRQHandler                        0x080002c7   Thumb Code     0  startup_stm32h750xx.o(.text)
    SPDIF_RX_IRQHandler                      0x080002c7   Thumb Code     0  startup_stm32h750xx.o(.text)
    SPI1_IRQHandler                          0x080002c7   Thumb Code     0  startup_stm32h750xx.o(.text)
    SPI2_IRQHandler                          0x080002c7   Thumb Code     0  startup_stm32h750xx.o(.text)
    SPI3_IRQHandler                          0x080002c7   Thumb Code     0  startup_stm32h750xx.o(.text)
    SPI4_IRQHandler                          0x080002c7   Thumb Code     0  startup_stm32h750xx.o(.text)
    SPI5_IRQHandler                          0x080002c7   Thumb Code     0  startup_stm32h750xx.o(.text)
    SPI6_IRQHandler                          0x080002c7   Thumb Code     0  startup_stm32h750xx.o(.text)
    SWPMI1_IRQHandler                        0x080002c7   Thumb Code     0  startup_stm32h750xx.o(.text)
    TAMP_STAMP_IRQHandler                    0x080002c7   Thumb Code     0  startup_stm32h750xx.o(.text)
    TIM15_IRQHandler                         0x080002c7   Thumb Code     0  startup_stm32h750xx.o(.text)
    TIM16_IRQHandler                         0x080002c7   Thumb Code     0  startup_stm32h750xx.o(.text)
    TIM17_IRQHandler                         0x080002c7   Thumb Code     0  startup_stm32h750xx.o(.text)
    TIM1_BRK_IRQHandler                      0x080002c7   Thumb Code     0  startup_stm32h750xx.o(.text)
    TIM1_CC_IRQHandler                       0x080002c7   Thumb Code     0  startup_stm32h750xx.o(.text)
    TIM1_TRG_COM_IRQHandler                  0x080002c7   Thumb Code     0  startup_stm32h750xx.o(.text)
    TIM1_UP_IRQHandler                       0x080002c7   Thumb Code     0  startup_stm32h750xx.o(.text)
    TIM3_IRQHandler                          0x080002c7   Thumb Code     0  startup_stm32h750xx.o(.text)
    TIM4_IRQHandler                          0x080002c7   Thumb Code     0  startup_stm32h750xx.o(.text)
    TIM5_IRQHandler                          0x080002c7   Thumb Code     0  startup_stm32h750xx.o(.text)
    TIM6_DAC_IRQHandler                      0x080002c7   Thumb Code     0  startup_stm32h750xx.o(.text)
    TIM7_IRQHandler                          0x080002c7   Thumb Code     0  startup_stm32h750xx.o(.text)
    TIM8_BRK_TIM12_IRQHandler                0x080002c7   Thumb Code     0  startup_stm32h750xx.o(.text)
    TIM8_CC_IRQHandler                       0x080002c7   Thumb Code     0  startup_stm32h750xx.o(.text)
    TIM8_TRG_COM_TIM14_IRQHandler            0x080002c7   Thumb Code     0  startup_stm32h750xx.o(.text)
    TIM8_UP_TIM13_IRQHandler                 0x080002c7   Thumb Code     0  startup_stm32h750xx.o(.text)
    UART4_IRQHandler                         0x080002c7   Thumb Code     0  startup_stm32h750xx.o(.text)
    UART5_IRQHandler                         0x080002c7   Thumb Code     0  startup_stm32h750xx.o(.text)
    UART7_IRQHandler                         0x080002c7   Thumb Code     0  startup_stm32h750xx.o(.text)
    USART2_IRQHandler                        0x080002c7   Thumb Code     0  startup_stm32h750xx.o(.text)
    USART3_IRQHandler                        0x080002c7   Thumb Code     0  startup_stm32h750xx.o(.text)
    WAKEUP_PIN_IRQHandler                    0x080002c7   Thumb Code     0  startup_stm32h750xx.o(.text)
    WWDG_IRQHandler                          0x080002c7   Thumb Code     0  startup_stm32h750xx.o(.text)
    __aeabi_uldivmod                         0x080002d1   Thumb Code    98  uldiv.o(.text)
    __aeabi_memset                           0x08000333   Thumb Code    14  memseta.o(.text)
    __aeabi_memset4                          0x08000333   Thumb Code     0  memseta.o(.text)
    __aeabi_memset8                          0x08000333   Thumb Code     0  memseta.o(.text)
    __aeabi_memclr                           0x08000341   Thumb Code     4  memseta.o(.text)
    __aeabi_memclr4                          0x08000341   Thumb Code     0  memseta.o(.text)
    __aeabi_memclr8                          0x08000341   Thumb Code     0  memseta.o(.text)
    _memset$wrapper                          0x08000345   Thumb Code    18  memseta.o(.text)
    __aeabi_llsl                             0x08000357   Thumb Code    30  llshl.o(.text)
    _ll_shift_l                              0x08000357   Thumb Code     0  llshl.o(.text)
    __aeabi_llsr                             0x08000375   Thumb Code    32  llushr.o(.text)
    _ll_ushift_r                             0x08000375   Thumb Code     0  llushr.o(.text)
    __scatterload                            0x08000395   Thumb Code    28  init.o(.text)
    __scatterload_rt2                        0x08000395   Thumb Code     0  init.o(.text)
    ADC_ConfigureBoostMode                   0x080003b9   Thumb Code   256  stm32h7xx_hal_adc.o(.text.ADC_ConfigureBoostMode)
    ADC_IRQHandler                           0x080004b9   Thumb Code    12  stm32h7xx_it.o(.text.ADC_IRQHandler)
    BusFault_Handler                         0x080004c5   Thumb Code     2  stm32h7xx_it.o(.text.BusFault_Handler)
    DHT11_Rst                                0x080004c9   Thumb Code    48  dht11.o(.text.DHT11_Rst)
    DMA1_Stream0_IRQHandler                  0x080004f5   Thumb Code    12  stm32h7xx_it.o(.text.DMA1_Stream0_IRQHandler)
    DMA1_Stream1_IRQHandler                  0x08000501   Thumb Code    12  stm32h7xx_it.o(.text.DMA1_Stream1_IRQHandler)
    DebugMon_Handler                         0x08000705   Thumb Code     2  stm32h7xx_it.o(.text.DebugMon_Handler)
    Delay_us                                 0x08000709   Thumb Code    92  dht11.o(.text.Delay_us)
    Dht11_DATA_OUT                           0x08000765   Thumb Code    36  dht11.o(.text.Dht11_DATA_OUT)
    EXTI9_5_IRQHandler                       0x08000789   Thumb Code     6  stm32h7xx_it.o(.text.EXTI9_5_IRQHandler)
    Error_Handler                            0x0800078f   Thumb Code     8  main.o(.text.Error_Handler)
    HAL_ADCEx_EndOfSamplingCallback          0x08000797   Thumb Code     2  stm32h7xx_hal_adc_ex.o(.text.HAL_ADCEx_EndOfSamplingCallback)
    HAL_ADCEx_InjectedConvCpltCallback       0x08000799   Thumb Code     2  stm32h7xx_hal_adc_ex.o(.text.HAL_ADCEx_InjectedConvCpltCallback)
    HAL_ADCEx_InjectedQueueOverflowCallback  0x0800079b   Thumb Code     2  stm32h7xx_hal_adc_ex.o(.text.HAL_ADCEx_InjectedQueueOverflowCallback)
    HAL_ADCEx_LevelOutOfWindow2Callback      0x0800079d   Thumb Code     2  stm32h7xx_hal_adc_ex.o(.text.HAL_ADCEx_LevelOutOfWindow2Callback)
    HAL_ADCEx_LevelOutOfWindow3Callback      0x0800079f   Thumb Code     2  stm32h7xx_hal_adc_ex.o(.text.HAL_ADCEx_LevelOutOfWindow3Callback)
    HAL_ADCEx_MultiModeConfigChannel         0x080007a1   Thumb Code   168  stm32h7xx_hal_adc_ex.o(.text.HAL_ADCEx_MultiModeConfigChannel)
    HAL_ADC_ConfigChannel                    0x08000845   Thumb Code   852  stm32h7xx_hal_adc.o(.text.HAL_ADC_ConfigChannel)
    HAL_ADC_ConvCpltCallback                 0x08000b95   Thumb Code     2  stm32h7xx_hal_adc.o(.text.HAL_ADC_ConvCpltCallback)
    HAL_ADC_ErrorCallback                    0x08000b97   Thumb Code     2  stm32h7xx_hal_adc.o(.text.HAL_ADC_ErrorCallback)
    HAL_ADC_IRQHandler                       0x08000b99   Thumb Code   608  stm32h7xx_hal_adc.o(.text.HAL_ADC_IRQHandler)
    HAL_ADC_Init                             0x08000df9   Thumb Code   508  stm32h7xx_hal_adc.o(.text.HAL_ADC_Init)
    HAL_ADC_LevelOutOfWindowCallback         0x08000ff1   Thumb Code     2  stm32h7xx_hal_adc.o(.text.HAL_ADC_LevelOutOfWindowCallback)
    HAL_ADC_MspInit                          0x08000ff5   Thumb Code   172  adc.o(.text.HAL_ADC_MspInit)
    HAL_DMA_Abort                            0x080010a1   Thumb Code   816  stm32h7xx_hal_dma.o(.text.HAL_DMA_Abort)
    HAL_DMA_Abort_IT                         0x080013b1   Thumb Code   472  stm32h7xx_hal_dma.o(.text.HAL_DMA_Abort_IT)
    HAL_DMA_IRQHandler                       0x08001589   Thumb Code  1404  stm32h7xx_hal_dma.o(.text.HAL_DMA_IRQHandler)
    HAL_DMA_Init                             0x08001af9   Thumb Code   900  stm32h7xx_hal_dma.o(.text.HAL_DMA_Init)
    HAL_Delay                                0x08001e7d   Thumb Code    36  stm32h7xx_hal.o(.text.HAL_Delay)
    HAL_GPIO_EXTI_Callback                   0x08001ea1   Thumb Code   132  hc-sr04.o(.text.HAL_GPIO_EXTI_Callback)
    HAL_GPIO_EXTI_IRQHandler                 0x08001f25   Thumb Code    20  stm32h7xx_hal_gpio.o(.text.HAL_GPIO_EXTI_IRQHandler)
    HAL_GPIO_Init                            0x08001f39   Thumb Code   408  stm32h7xx_hal_gpio.o(.text.HAL_GPIO_Init)
    HAL_GPIO_ReadPin                         0x080020cd   Thumb Code    10  stm32h7xx_hal_gpio.o(.text.HAL_GPIO_ReadPin)
    HAL_GPIO_WritePin                        0x080020d7   Thumb Code    10  stm32h7xx_hal_gpio.o(.text.HAL_GPIO_WritePin)
    HAL_GetREVID                             0x080020e1   Thumb Code    12  stm32h7xx_hal.o(.text.HAL_GetREVID)
    HAL_GetTick                              0x080020ed   Thumb Code    12  stm32h7xx_hal.o(.text.HAL_GetTick)
    HAL_IncTick                              0x080020f5   Thumb Code    24  stm32h7xx_hal.o(.text.HAL_IncTick)
    HAL_Init                                 0x08002109   Thumb Code    92  stm32h7xx_hal.o(.text.HAL_Init)
    HAL_InitTick                             0x0800215d   Thumb Code    72  stm32h7xx_hal.o(.text.HAL_InitTick)
    HAL_MspInit                              0x080021a5   Thumb Code    32  stm32h7xx_hal_msp.o(.text.HAL_MspInit)
    HAL_NVIC_EnableIRQ                       0x080021c5   Thumb Code    28  stm32h7xx_hal_cortex.o(.text.HAL_NVIC_EnableIRQ)
    HAL_NVIC_SetPriority                     0x080021e1   Thumb Code    68  stm32h7xx_hal_cortex.o(.text.HAL_NVIC_SetPriority)
    HAL_NVIC_SetPriorityGrouping             0x08002221   Thumb Code    32  stm32h7xx_hal_cortex.o(.text.HAL_NVIC_SetPriorityGrouping)
    HAL_PWREx_ConfigSupply                   0x08002241   Thumb Code    72  stm32h7xx_hal_pwr_ex.o(.text.HAL_PWREx_ConfigSupply)
    HAL_RCCEx_GetD3PCLK1Freq                 0x08002289   Thumb Code    36  stm32h7xx_hal_rcc_ex.o(.text.HAL_RCCEx_GetD3PCLK1Freq)
    HAL_RCCEx_GetPLL1ClockFreq               0x080022ad   Thumb Code   272  stm32h7xx_hal_rcc_ex.o(.text.HAL_RCCEx_GetPLL1ClockFreq)
    HAL_RCCEx_GetPLL2ClockFreq               0x080023bd   Thumb Code   268  stm32h7xx_hal_rcc_ex.o(.text.HAL_RCCEx_GetPLL2ClockFreq)
    HAL_RCCEx_GetPLL3ClockFreq               0x080024c9   Thumb Code   268  stm32h7xx_hal_rcc_ex.o(.text.HAL_RCCEx_GetPLL3ClockFreq)
    HAL_RCCEx_GetPeriphCLKFreq               0x080025d5   Thumb Code   656  stm32h7xx_hal_rcc_ex.o(.text.HAL_RCCEx_GetPeriphCLKFreq)
    HAL_RCCEx_PeriphCLKConfig                0x08002865   Thumb Code  2456  stm32h7xx_hal_rcc_ex.o(.text.HAL_RCCEx_PeriphCLKConfig)
    HAL_RCC_ClockConfig                      0x080031fd   Thumb Code   556  stm32h7xx_hal_rcc.o(.text.HAL_RCC_ClockConfig)
    HAL_RCC_GetHCLKFreq                      0x08003419   Thumb Code    68  stm32h7xx_hal_rcc.o(.text.HAL_RCC_GetHCLKFreq)
    HAL_RCC_GetPCLK1Freq                     0x08003459   Thumb Code    36  stm32h7xx_hal_rcc.o(.text.HAL_RCC_GetPCLK1Freq)
    HAL_RCC_GetPCLK2Freq                     0x08003475   Thumb Code    36  stm32h7xx_hal_rcc.o(.text.HAL_RCC_GetPCLK2Freq)
    HAL_RCC_GetSysClockFreq                  0x08003499   Thumb Code   252  stm32h7xx_hal_rcc.o(.text.HAL_RCC_GetSysClockFreq)
    HAL_RCC_OscConfig                        0x08003595   Thumb Code  1314  stm32h7xx_hal_rcc.o(.text.HAL_RCC_OscConfig)
    HAL_SYSTICK_Config                       0x08003ab9   Thumb Code    40  stm32h7xx_hal_cortex.o(.text.HAL_SYSTICK_Config)
    HAL_TIMEx_Break2Callback                 0x08003ae1   Thumb Code     2  stm32h7xx_hal_tim_ex.o(.text.HAL_TIMEx_Break2Callback)
    HAL_TIMEx_BreakCallback                  0x08003ae3   Thumb Code     2  stm32h7xx_hal_tim_ex.o(.text.HAL_TIMEx_BreakCallback)
    HAL_TIMEx_CommutCallback                 0x08003ae5   Thumb Code     2  stm32h7xx_hal_tim_ex.o(.text.HAL_TIMEx_CommutCallback)
    HAL_TIMEx_ConfigBreakDeadTime            0x08003ae9   Thumb Code   168  stm32h7xx_hal_tim_ex.o(.text.HAL_TIMEx_ConfigBreakDeadTime)
    HAL_TIMEx_MasterConfigSynchronization    0x08003b8d   Thumb Code   168  stm32h7xx_hal_tim_ex.o(.text.HAL_TIMEx_MasterConfigSynchronization)
    HAL_TIM_Base_Init                        0x08003c19   Thumb Code    96  stm32h7xx_hal_tim.o(.text.HAL_TIM_Base_Init)
    HAL_TIM_Base_MspInit                     0x08003c79   Thumb Code   144  tim.o(.text.HAL_TIM_Base_MspInit)
    HAL_TIM_Base_Start                       0x08003cfd   Thumb Code   136  stm32h7xx_hal_tim.o(.text.HAL_TIM_Base_Start)
    HAL_TIM_ConfigClockSource                0x08003d85   Thumb Code   296  stm32h7xx_hal_tim.o(.text.HAL_TIM_ConfigClockSource)
    HAL_TIM_IC_CaptureCallback               0x08003ead   Thumb Code     2  stm32h7xx_hal_tim.o(.text.HAL_TIM_IC_CaptureCallback)
    HAL_TIM_IRQHandler                       0x08003eaf   Thumb Code   392  stm32h7xx_hal_tim.o(.text.HAL_TIM_IRQHandler)
    HAL_TIM_MspPostInit                      0x08004039   Thumb Code   144  tim.o(.text.HAL_TIM_MspPostInit)
    HAL_TIM_OC_DelayElapsedCallback          0x080040c9   Thumb Code     2  stm32h7xx_hal_tim.o(.text.HAL_TIM_OC_DelayElapsedCallback)
    HAL_TIM_PWM_ConfigChannel                0x080040cd   Thumb Code   186  stm32h7xx_hal_tim.o(.text.HAL_TIM_PWM_ConfigChannel)
    HAL_TIM_PWM_Init                         0x08004187   Thumb Code    96  stm32h7xx_hal_tim.o(.text.HAL_TIM_PWM_Init)
    HAL_TIM_PWM_MspInit                      0x080041e7   Thumb Code     2  stm32h7xx_hal_tim.o(.text.HAL_TIM_PWM_MspInit)
    HAL_TIM_PWM_PulseFinishedCallback        0x080041e9   Thumb Code     2  stm32h7xx_hal_tim.o(.text.HAL_TIM_PWM_PulseFinishedCallback)
    HAL_TIM_PWM_Start                        0x080041ed   Thumb Code   308  stm32h7xx_hal_tim.o(.text.HAL_TIM_PWM_Start)
    HAL_TIM_PeriodElapsedCallback            0x08004321   Thumb Code     2  stm32h7xx_hal_tim.o(.text.HAL_TIM_PeriodElapsedCallback)
    HAL_TIM_TriggerCallback                  0x08004323   Thumb Code     2  stm32h7xx_hal_tim.o(.text.HAL_TIM_TriggerCallback)
    HAL_UARTEx_DisableFifoMode               0x08004325   Thumb Code    54  stm32h7xx_hal_uart_ex.o(.text.HAL_UARTEx_DisableFifoMode)
    HAL_UARTEx_RxEventCallback               0x0800435b   Thumb Code     2  stm32h7xx_hal_uart.o(.text.HAL_UARTEx_RxEventCallback)
    HAL_UARTEx_RxFifoFullCallback            0x0800435d   Thumb Code     2  stm32h7xx_hal_uart_ex.o(.text.HAL_UARTEx_RxFifoFullCallback)
    HAL_UARTEx_SetRxFifoThreshold            0x0800435f   Thumb Code    74  stm32h7xx_hal_uart_ex.o(.text.HAL_UARTEx_SetRxFifoThreshold)
    HAL_UARTEx_SetTxFifoThreshold            0x080043a9   Thumb Code    74  stm32h7xx_hal_uart_ex.o(.text.HAL_UARTEx_SetTxFifoThreshold)
    HAL_UARTEx_TxFifoEmptyCallback           0x080043f3   Thumb Code     2  stm32h7xx_hal_uart_ex.o(.text.HAL_UARTEx_TxFifoEmptyCallback)
    HAL_UARTEx_WakeupCallback                0x080043f5   Thumb Code     2  stm32h7xx_hal_uart_ex.o(.text.HAL_UARTEx_WakeupCallback)
    HAL_UART_ErrorCallback                   0x080043f7   Thumb Code     2  stm32h7xx_hal_uart.o(.text.HAL_UART_ErrorCallback)
    HAL_UART_IRQHandler                      0x080043f9   Thumb Code   796  stm32h7xx_hal_uart.o(.text.HAL_UART_IRQHandler)
    HAL_UART_Init                            0x08004715   Thumb Code   100  stm32h7xx_hal_uart.o(.text.HAL_UART_Init)
    HAL_UART_MspInit                         0x08004779   Thumb Code   488  usart.o(.text.HAL_UART_MspInit)
    HAL_UART_Receive_IT                      0x08004961   Thumb Code    84  stm32h7xx_hal_uart.o(.text.HAL_UART_Receive_IT)
    HAL_UART_RxCpltCallback                  0x080049b5   Thumb Code  1228  main.o(.text.HAL_UART_RxCpltCallback)
    HAL_UART_Transmit_IT                     0x08004e81   Thumb Code   160  stm32h7xx_hal_uart.o(.text.HAL_UART_Transmit_IT)
    HAL_UART_TxCpltCallback                  0x08004f21   Thumb Code     2  stm32h7xx_hal_uart.o(.text.HAL_UART_TxCpltCallback)
    HardFault_Handler                        0x08004f23   Thumb Code     2  stm32h7xx_it.o(.text.HardFault_Handler)
    LCD_Address_Set                          0x08004f25   Thumb Code    60  lcd_init.o(.text.LCD_Address_Set)
    LCD_DrawPoint                            0x08004f5d   Thumb Code    22  lcd.o(.text.LCD_DrawPoint)
    LCD_Fill                                 0x08004f73   Thumb Code    62  lcd.o(.text.LCD_Fill)
    LCD_Init                                 0x08004fb1   Thumb Code   384  lcd_init.o(.text.LCD_Init)
    LCD_ShowChinese                          0x0800512d   Thumb Code   196  lcd.o(.text.LCD_ShowChinese)
    LCD_WR_DATA                              0x080051f1   Thumb Code    20  lcd_init.o(.text.LCD_WR_DATA)
    LCD_WR_REG                               0x08005205   Thumb Code    40  lcd_init.o(.text.LCD_WR_REG)
    LCD_Writ_Bus                             0x0800522d   Thumb Code   100  lcd_init.o(.text.LCD_Writ_Bus)
    MX_ADC1_Init                             0x080052b5   Thumb Code   148  adc.o(.text.MX_ADC1_Init)
    MX_DMA_Init                              0x08005349   Thumb Code    64  dma.o(.text.MX_DMA_Init)
    MX_GPIO_Init                             0x08005389   Thumb Code   412  gpio.o(.text.MX_GPIO_Init)
    MX_TIM1_Init                             0x08005525   Thumb Code   228  tim.o(.text.MX_TIM1_Init)
    MX_TIM2_Init                             0x08005609   Thumb Code   104  tim.o(.text.MX_TIM2_Init)
    MX_TIM3_Init                             0x08005671   Thumb Code   164  tim.o(.text.MX_TIM3_Init)
    MX_TIM4_Init                             0x08005715   Thumb Code   104  tim.o(.text.MX_TIM4_Init)
    MX_UART8_Init                            0x0800577d   Thumb Code   104  usart.o(.text.MX_UART8_Init)
    MX_USART1_UART_Init                      0x080057e5   Thumb Code   104  usart.o(.text.MX_USART1_UART_Init)
    MX_USART6_UART_Init                      0x0800584d   Thumb Code   104  usart.o(.text.MX_USART6_UART_Init)
    MemManage_Handler                        0x080058b5   Thumb Code     2  stm32h7xx_it.o(.text.MemManage_Handler)
    NMI_Handler                              0x080058b7   Thumb Code     2  stm32h7xx_it.o(.text.NMI_Handler)
    PendSV_Handler                           0x080058b9   Thumb Code     2  stm32h7xx_it.o(.text.PendSV_Handler)
    SVC_Handler                              0x08005abd   Thumb Code     2  stm32h7xx_it.o(.text.SVC_Handler)
    SysTick_Handler                          0x08005abf   Thumb Code     4  stm32h7xx_it.o(.text.SysTick_Handler)
    SystemClock_Config                       0x08005ac5   Thumb Code   192  main.o(.text.SystemClock_Config)
    SystemInit                               0x08005b85   Thumb Code   180  system_stm32h7xx.o(.text.SystemInit)
    TIM2_IRQHandler                          0x08005c39   Thumb Code    12  stm32h7xx_it.o(.text.TIM2_IRQHandler)
    TIM_Base_SetConfig                       0x08005c45   Thumb Code   248  stm32h7xx_hal_tim.o(.text.TIM_Base_SetConfig)
    TIM_CCxChannelCmd                        0x08005d29   Thumb Code    30  stm32h7xx_hal_tim.o(.text.TIM_CCxChannelCmd)
    TIM_OC2_SetConfig                        0x08005dbd   Thumb Code   144  stm32h7xx_hal_tim.o(.text.TIM_OC2_SetConfig)
    UART8_IRQHandler                         0x0800603d   Thumb Code    12  stm32h7xx_it.o(.text.UART8_IRQHandler)
    UART_AdvFeatureConfig                    0x0800609d   Thumb Code   198  stm32h7xx_hal_uart.o(.text.UART_AdvFeatureConfig)
    UART_CheckIdleState                      0x08006163   Thumb Code   180  stm32h7xx_hal_uart.o(.text.UART_CheckIdleState)
    UART_SetConfig                           0x08006775   Thumb Code   924  stm32h7xx_hal_uart.o(.text.UART_SetConfig)
    UART_Start_Receive_IT                    0x08006b11   Thumb Code   284  stm32h7xx_hal_uart.o(.text.UART_Start_Receive_IT)
    UART_WaitOnFlagUntilTimeout              0x08006da9   Thumb Code   146  stm32h7xx_hal_uart.o(.text.UART_WaitOnFlagUntilTimeout)
    USART1_IRQHandler                        0x08006e3d   Thumb Code    12  stm32h7xx_it.o(.text.USART1_IRQHandler)
    USART6_IRQHandler                        0x08006e45   Thumb Code    12  stm32h7xx_it.o(.text.USART6_IRQHandler)
    UsageFault_Handler                       0x08006e4d   Thumb Code     2  stm32h7xx_it.o(.text.UsageFault_Handler)
    main                                     0x08006e71   Thumb Code   560  main.o(.text.main)
    __scatterload_copy                       0x080070a1   Thumb Code    14  handlers.o(i.__scatterload_copy)
    __scatterload_null                       0x080070af   Thumb Code     2  handlers.o(i.__scatterload_null)
    __scatterload_zeroinit                   0x080070b1   Thumb Code    14  handlers.o(i.__scatterload_zeroinit)
    Chinese_16word                           0x080070be   Data         544  lcd.o(.rodata.Chinese_16word)
    Chinese_24word                           0x080072de   Data         432  lcd.o(.rodata.Chinese_24word)
    D1CorePrescTable                         0x0800748e   Data          16  system_stm32h7xx.o(.rodata.D1CorePrescTable)
    UARTPrescTable                           0x0800749e   Data          24  stm32h7xx_hal_uart.o(.rodata.UARTPrescTable)
    Region$$Table$$Base                      0x080074d0   Number         0  anon$$obj.o(Region$$Table)
    Region$$Table$$Limit                     0x080074f0   Number         0  anon$$obj.o(Region$$Table)
    Broadcastflay_LH                         0x24000000   Data           1  main.o(.data..L_MergedGlobals)
    temperature                              0x24000001   Data           1  main.o(.data..L_MergedGlobals)
    humidity                                 0x24000002   Data           1  main.o(.data..L_MergedGlobals)
    temperature_xs                           0x24000003   Data           1  main.o(.data..L_MergedGlobals)
    Broadcast_PD                             0x24000004   Data           5  main.o(.data..L_MergedGlobals)
    Broadcast_LT                             0x24000009   Data           5  main.o(.data..L_MergedGlobals)
    Broadcast_HD                             0x2400000e   Data           5  main.o(.data..L_MergedGlobals)
    Broadcast_LD                             0x24000013   Data           5  main.o(.data..L_MergedGlobals)
    Broadcast_ZAW                            0x24000018   Data           5  main.o(.data..L_MergedGlobals)
    Broadcast_BMX                            0x2400001d   Data           5  main.o(.data..L_MergedGlobals)
    Broadcast_HW1                            0x24000022   Data           5  main.o(.data..L_MergedGlobals)
    Broadcast_HW2                            0x24000027   Data           5  main.o(.data..L_MergedGlobals)
    Broadcast_YW1                            0x2400002c   Data           5  main.o(.data..L_MergedGlobals)
    Broadcast_YW2                            0x24000031   Data           5  main.o(.data..L_MergedGlobals)
    uwTickFreq                               0x24000038   Data           1  stm32h7xx_hal.o(.data..L_MergedGlobals)
    uwTickPrio                               0x2400003c   Data           4  stm32h7xx_hal.o(.data..L_MergedGlobals)
    SystemCoreClock                          0x24000040   Data           4  system_stm32h7xx.o(.data..L_MergedGlobals)
    SystemD2Clock                            0x24000044   Data           4  system_stm32h7xx.o(.data..L_MergedGlobals)
    Broadcastflay_YY                         0x24000048   Data           1  main.o(.bss..L_MergedGlobals.11)
    Broadcastflay_LY                         0x24000049   Data           1  main.o(.bss..L_MergedGlobals.11)
    Broadcastflay_JC                         0x2400004a   Data           1  main.o(.bss..L_MergedGlobals.11)
    Broadcastflay_BZ                         0x2400004b   Data           1  main.o(.bss..L_MergedGlobals.11)
    uart_ctrl                                0x2400004c   Data           1  main.o(.bss..L_MergedGlobals.11)
    flay                                     0x2400004d   Data           1  main.o(.bss..L_MergedGlobals.11)
    flay_choice                              0x2400004e   Data           1  main.o(.bss..L_MergedGlobals.11)
    flay1                                    0x2400004f   Data           1  main.o(.bss..L_MergedGlobals.11)
    flay2                                    0x24000050   Data           1  main.o(.bss..L_MergedGlobals.11)
    flay3                                    0x24000051   Data           1  main.o(.bss..L_MergedGlobals.11)
    flay4                                    0x24000052   Data           1  main.o(.bss..L_MergedGlobals.11)
    flay5                                    0x24000053   Data           1  main.o(.bss..L_MergedGlobals.11)
    flay6                                    0x24000054   Data           1  main.o(.bss..L_MergedGlobals.11)
    flay7                                    0x24000055   Data           1  main.o(.bss..L_MergedGlobals.11)
    flay_ZXD                                 0x24000056   Data           1  main.o(.bss..L_MergedGlobals.11)
    flay_ultrasonic                          0x24000057   Data           1  main.o(.bss..L_MergedGlobals.11)
    flay_HD                                  0x24000058   Data           1  main.o(.bss..L_MergedGlobals.11)
    flay_LD                                  0x24000059   Data           1  main.o(.bss..L_MergedGlobals.11)
    flay_PD                                  0x2400005a   Data           1  main.o(.bss..L_MergedGlobals.11)
    flay_LT                                  0x2400005b   Data           1  main.o(.bss..L_MergedGlobals.11)
    flay_MD                                  0x2400005c   Data           1  main.o(.bss..L_MergedGlobals.11)
    flay_HMD                                 0x2400005d   Data           1  main.o(.bss..L_MergedGlobals.11)
    flay_BMX                                 0x2400005e   Data           1  main.o(.bss..L_MergedGlobals.11)
    ff                                       0x2400005f   Data           1  main.o(.bss..L_MergedGlobals.11)
    rr                                       0x24000060   Data           1  main.o(.bss..L_MergedGlobals.11)
    gogo                                     0x24000061   Data           1  main.o(.bss..L_MergedGlobals.11)
    righty                                   0x24000062   Data           1  main.o(.bss..L_MergedGlobals.11)
    leftz                                    0x24000063   Data           1  main.o(.bss..L_MergedGlobals.11)
    stop                                     0x24000065   Data           1  main.o(.bss..L_MergedGlobals.11)
    left                                     0x2400006a   Data           1  main.o(.bss..L_MergedGlobals.11)
    right                                    0x2400006b   Data           1  main.o(.bss..L_MergedGlobals.11)
    temp                                     0x24000071   Data           1  main.o(.bss..L_MergedGlobals.11)
    tempx                                    0x24000072   Data           1  main.o(.bss..L_MergedGlobals.11)
    Hum                                      0x24000073   Data           1  main.o(.bss..L_MergedGlobals.11)
    backward                                 0x24000074   Data           1  main.o(.bss..L_MergedGlobals.11)
    left_yy                                  0x24000075   Data           1  main.o(.bss..L_MergedGlobals.11)
    right_yy                                 0x24000077   Data           1  main.o(.bss..L_MergedGlobals.11)
    decimalValue                             0x24000078   Data           4  main.o(.bss..L_MergedGlobals.11)
    pwm1                                     0x2400007c   Data           4  main.o(.bss..L_MergedGlobals.11)
    pwm2                                     0x24000080   Data           4  main.o(.bss..L_MergedGlobals.11)
    mn                                       0x24000084   Data           4  main.o(.bss..L_MergedGlobals.11)
    temperatureCmd                           0x24000090   Data           7  main.o(.bss..L_MergedGlobals.11)
    HumidityCmd                              0x24000097   Data           7  main.o(.bss..L_MergedGlobals.11)
    rx_buf                                   0x2400009e   Data          11  main.o(.bss..L_MergedGlobals.11)
    distance_cm                              0x240000ac   Data           4  hc-sr04.o(.bss.distance_cm)
    hadc1                                    0x240000b0   Data         100  adc.o(.bss.hadc1)
    hdma_usart1_rx                           0x24000114   Data         120  usart.o(.bss.hdma_usart1_rx)
    hdma_usart1_tx                           0x2400018c   Data         120  usart.o(.bss.hdma_usart1_tx)
    htim1                                    0x24000204   Data          76  tim.o(.bss.htim1)
    htim2                                    0x24000250   Data          76  tim.o(.bss.htim2)
    htim3                                    0x2400029c   Data          76  tim.o(.bss.htim3)
    htim4                                    0x240002e8   Data          76  tim.o(.bss.htim4)
    huart1                                   0x24000334   Data         148  usart.o(.bss.huart1)
    huart6                                   0x240003c8   Data         148  usart.o(.bss.huart6)
    huart8                                   0x2400045c   Data         148  usart.o(.bss.huart8)
    uwTick                                   0x240004f0   Data           4  stm32h7xx_hal.o(.bss.uwTick)
    __initial_sp                             0x240008f8   Data           0  startup_stm32h750xx.o(STACK)



==============================================================================

Memory Map of the image

  Image Entry point : 0x08000299

  Load Region LR_IROM1 (Base: 0x08000000, Size: 0x00007538, Max: 0x00020000, ABSOLUTE)

    Execution Region ER_IROM1 (Exec base: 0x08000000, Load base: 0x08000000, Size: 0x000074f0, Max: 0x00020000, ABSOLUTE)

    Exec Addr    Load Addr    Size         Type   Attr      Idx    E Section Name        Object

    0x08000000   0x08000000   0x00000298   Data   RO            3    RESET               startup_stm32h750xx.o
    0x08000298   0x08000298   0x00000000   Code   RO         1859  * .ARM.Collect$$$$00000000  mc_w.l(entry.o)
    0x08000298   0x08000298   0x00000004   Code   RO         2129    .ARM.Collect$$$$00000001  mc_w.l(entry2.o)
    0x0800029c   0x0800029c   0x00000004   Code   RO         2132    .ARM.Collect$$$$00000004  mc_w.l(entry5.o)
    0x080002a0   0x080002a0   0x00000000   Code   RO         2134    .ARM.Collect$$$$00000008  mc_w.l(entry7b.o)
    0x080002a0   0x080002a0   0x00000000   Code   RO         2136    .ARM.Collect$$$$0000000A  mc_w.l(entry8b.o)
    0x080002a0   0x080002a0   0x00000008   Code   RO         2137    .ARM.Collect$$$$0000000B  mc_w.l(entry9a.o)
    0x080002a8   0x080002a8   0x00000000   Code   RO         2139    .ARM.Collect$$$$0000000D  mc_w.l(entry10a.o)
    0x080002a8   0x080002a8   0x00000000   Code   RO         2141    .ARM.Collect$$$$0000000F  mc_w.l(entry11a.o)
    0x080002a8   0x080002a8   0x00000004   Code   RO         2130    .ARM.Collect$$$$00002712  mc_w.l(entry2.o)
    0x080002ac   0x080002ac   0x00000024   Code   RO            4    .text               startup_stm32h750xx.o
    0x080002d0   0x080002d0   0x00000062   Code   RO         1864    .text               mc_w.l(uldiv.o)
    0x08000332   0x08000332   0x00000024   Code   RO         1866    .text               mc_w.l(memseta.o)
    0x08000356   0x08000356   0x0000001e   Code   RO         2146    .text               mc_w.l(llshl.o)
    0x08000374   0x08000374   0x00000020   Code   RO         2148    .text               mc_w.l(llushr.o)
    0x08000394   0x08000394   0x00000024   Code   RO         2161    .text               mc_w.l(init.o)
    0x080003b8   0x080003b8   0x00000100   Code   RO          322    .text.ADC_ConfigureBoostMode  stm32h7xx_hal_adc.o
    0x080004b8   0x080004b8   0x0000000c   Code   RO          289    .text.ADC_IRQHandler  stm32h7xx_it.o
    0x080004c4   0x080004c4   0x00000002   Code   RO          273    .text.BusFault_Handler  stm32h7xx_it.o
    0x080004c6   0x080004c6   0x00000002   PAD
    0x080004c8   0x080004c8   0x0000002c   Code   RO           95    .text.DHT11_Rst     dht11.o
    0x080004f4   0x080004f4   0x0000000c   Code   RO          285    .text.DMA1_Stream0_IRQHandler  stm32h7xx_it.o
    0x08000500   0x08000500   0x0000000c   Code   RO          287    .text.DMA1_Stream1_IRQHandler  stm32h7xx_it.o
    0x0800050c   0x0800050c   0x000000e4   Code   RO          685    .text.DMA_CalcBaseAndBitshift  stm32h7xx_hal_dma.o
    0x080005f0   0x080005f0   0x00000090   Code   RO          687    .text.DMA_CalcDMAMUXChannelBaseAndMask  stm32h7xx_hal_dma.o
    0x08000680   0x08000680   0x00000084   Code   RO          689    .text.DMA_CalcDMAMUXRequestGenBaseAndMask  stm32h7xx_hal_dma.o
    0x08000704   0x08000704   0x00000002   Code   RO          279    .text.DebugMon_Handler  stm32h7xx_it.o
    0x08000706   0x08000706   0x00000002   PAD
    0x08000708   0x08000708   0x0000005c   Code   RO           89    .text.Delay_us      dht11.o
    0x08000764   0x08000764   0x00000024   Code   RO           91    .text.Dht11_DATA_OUT  dht11.o
    0x08000788   0x08000788   0x00000006   Code   RO          291    .text.EXTI9_5_IRQHandler  stm32h7xx_it.o
    0x0800078e   0x0800078e   0x00000008   Code   RO          158    .text.Error_Handler  main.o
    0x08000796   0x08000796   0x00000002   Code   RO          427    .text.HAL_ADCEx_EndOfSamplingCallback  stm32h7xx_hal_adc_ex.o
    0x08000798   0x08000798   0x00000002   Code   RO          419    .text.HAL_ADCEx_InjectedConvCpltCallback  stm32h7xx_hal_adc_ex.o
    0x0800079a   0x0800079a   0x00000002   Code   RO          421    .text.HAL_ADCEx_InjectedQueueOverflowCallback  stm32h7xx_hal_adc_ex.o
    0x0800079c   0x0800079c   0x00000002   Code   RO          423    .text.HAL_ADCEx_LevelOutOfWindow2Callback  stm32h7xx_hal_adc_ex.o
    0x0800079e   0x0800079e   0x00000002   Code   RO          425    .text.HAL_ADCEx_LevelOutOfWindow3Callback  stm32h7xx_hal_adc_ex.o
    0x080007a0   0x080007a0   0x000000a4   Code   RO          441    .text.HAL_ADCEx_MultiModeConfigChannel  stm32h7xx_hal_adc_ex.o
    0x08000844   0x08000844   0x00000350   Code   RO          368    .text.HAL_ADC_ConfigChannel  stm32h7xx_hal_adc.o
    0x08000b94   0x08000b94   0x00000002   Code   RO          360    .text.HAL_ADC_ConvCpltCallback  stm32h7xx_hal_adc.o
    0x08000b96   0x08000b96   0x00000002   Code   RO          364    .text.HAL_ADC_ErrorCallback  stm32h7xx_hal_adc.o
    0x08000b98   0x08000b98   0x00000260   Code   RO          358    .text.HAL_ADC_IRQHandler  stm32h7xx_hal_adc.o
    0x08000df8   0x08000df8   0x000001f8   Code   RO          318    .text.HAL_ADC_Init  stm32h7xx_hal_adc.o
    0x08000ff0   0x08000ff0   0x00000002   Code   RO          362    .text.HAL_ADC_LevelOutOfWindowCallback  stm32h7xx_hal_adc.o
    0x08000ff2   0x08000ff2   0x00000002   PAD
    0x08000ff4   0x08000ff4   0x000000ac   Code   RO          192    .text.HAL_ADC_MspInit  adc.o
    0x080010a0   0x080010a0   0x00000310   Code   RO          699    .text.HAL_DMA_Abort  stm32h7xx_hal_dma.o
    0x080013b0   0x080013b0   0x000001d8   Code   RO          701    .text.HAL_DMA_Abort_IT  stm32h7xx_hal_dma.o
    0x08001588   0x08001588   0x00000570   Code   RO          705    .text.HAL_DMA_IRQHandler  stm32h7xx_hal_dma.o
    0x08001af8   0x08001af8   0x00000384   Code   RO          683    .text.HAL_DMA_Init  stm32h7xx_hal_dma.o
    0x08001e7c   0x08001e7c   0x00000020   Code   RO         1004    .text.HAL_Delay     stm32h7xx_hal.o
    0x08001e9c   0x08001e9c   0x00000004   PAD
    0x08001ea0   0x08001ea0   0x00000084   Code   RO          118    .text.HAL_GPIO_EXTI_Callback  hc-sr04.o
    0x08001f24   0x08001f24   0x00000014   Code   RO          639    .text.HAL_GPIO_EXTI_IRQHandler  stm32h7xx_hal_gpio.o
    0x08001f38   0x08001f38   0x00000194   Code   RO          627    .text.HAL_GPIO_Init  stm32h7xx_hal_gpio.o
    0x080020cc   0x080020cc   0x0000000a   Code   RO          631    .text.HAL_GPIO_ReadPin  stm32h7xx_hal_gpio.o
    0x080020d6   0x080020d6   0x0000000a   Code   RO          633    .text.HAL_GPIO_WritePin  stm32h7xx_hal_gpio.o
    0x080020e0   0x080020e0   0x0000000c   Code   RO         1012    .text.HAL_GetREVID  stm32h7xx_hal.o
    0x080020ec   0x080020ec   0x00000008   Code   RO          996    .text.HAL_GetTick   stm32h7xx_hal.o
    0x080020f4   0x080020f4   0x00000014   Code   RO          994    .text.HAL_IncTick   stm32h7xx_hal.o
    0x08002108   0x08002108   0x00000054   Code   RO          984    .text.HAL_Init      stm32h7xx_hal.o
    0x0800215c   0x0800215c   0x00000048   Code   RO          986    .text.HAL_InitTick  stm32h7xx_hal.o
    0x080021a4   0x080021a4   0x00000020   Code   RO          309    .text.HAL_MspInit   stm32h7xx_hal_msp.o
    0x080021c4   0x080021c4   0x0000001c   Code   RO          939    .text.HAL_NVIC_EnableIRQ  stm32h7xx_hal_cortex.o
    0x080021e0   0x080021e0   0x00000040   Code   RO          935    .text.HAL_NVIC_SetPriority  stm32h7xx_hal_cortex.o
    0x08002220   0x08002220   0x00000020   Code   RO          933    .text.HAL_NVIC_SetPriorityGrouping  stm32h7xx_hal_cortex.o
    0x08002240   0x08002240   0x00000048   Code   RO          844    .text.HAL_PWREx_ConfigSupply  stm32h7xx_hal_pwr_ex.o
    0x08002288   0x08002288   0x00000024   Code   RO          513    .text.HAL_RCCEx_GetD3PCLK1Freq  stm32h7xx_hal_rcc_ex.o
    0x080022ac   0x080022ac   0x00000110   Code   RO          507    .text.HAL_RCCEx_GetPLL1ClockFreq  stm32h7xx_hal_rcc_ex.o
    0x080023bc   0x080023bc   0x0000010c   Code   RO          509    .text.HAL_RCCEx_GetPLL2ClockFreq  stm32h7xx_hal_rcc_ex.o
    0x080024c8   0x080024c8   0x0000010c   Code   RO          511    .text.HAL_RCCEx_GetPLL3ClockFreq  stm32h7xx_hal_rcc_ex.o
    0x080025d4   0x080025d4   0x00000290   Code   RO          505    .text.HAL_RCCEx_GetPeriphCLKFreq  stm32h7xx_hal_rcc_ex.o
    0x08002864   0x08002864   0x00000998   Code   RO          497    .text.HAL_RCCEx_PeriphCLKConfig  stm32h7xx_hal_rcc_ex.o
    0x080031fc   0x080031fc   0x0000021c   Code   RO          464    .text.HAL_RCC_ClockConfig  stm32h7xx_hal_rcc.o
    0x08003418   0x08003418   0x00000040   Code   RO          474    .text.HAL_RCC_GetHCLKFreq  stm32h7xx_hal_rcc.o
    0x08003458   0x08003458   0x0000001c   Code   RO          476    .text.HAL_RCC_GetPCLK1Freq  stm32h7xx_hal_rcc.o
    0x08003474   0x08003474   0x00000024   Code   RO          478    .text.HAL_RCC_GetPCLK2Freq  stm32h7xx_hal_rcc.o
    0x08003498   0x08003498   0x000000fc   Code   RO          466    .text.HAL_RCC_GetSysClockFreq  stm32h7xx_hal_rcc.o
    0x08003594   0x08003594   0x00000522   Code   RO          462    .text.HAL_RCC_OscConfig  stm32h7xx_hal_rcc.o
    0x08003ab6   0x08003ab6   0x00000002   PAD
    0x08003ab8   0x08003ab8   0x00000028   Code   RO          947    .text.HAL_SYSTICK_Config  stm32h7xx_hal_cortex.o
    0x08003ae0   0x08003ae0   0x00000002   Code   RO         1638    .text.HAL_TIMEx_Break2Callback  stm32h7xx_hal_tim_ex.o
    0x08003ae2   0x08003ae2   0x00000002   Code   RO         1636    .text.HAL_TIMEx_BreakCallback  stm32h7xx_hal_tim_ex.o
    0x08003ae4   0x08003ae4   0x00000002   Code   RO         1632    .text.HAL_TIMEx_CommutCallback  stm32h7xx_hal_tim_ex.o
    0x08003ae6   0x08003ae6   0x00000002   PAD
    0x08003ae8   0x08003ae8   0x000000a4   Code   RO         1622    .text.HAL_TIMEx_ConfigBreakDeadTime  stm32h7xx_hal_tim_ex.o
    0x08003b8c   0x08003b8c   0x0000008c   Code   RO         1620    .text.HAL_TIMEx_MasterConfigSynchronization  stm32h7xx_hal_tim_ex.o
    0x08003c18   0x08003c18   0x00000060   Code   RO         1306    .text.HAL_TIM_Base_Init  stm32h7xx_hal_tim.o
    0x08003c78   0x08003c78   0x00000084   Code   RO          226    .text.HAL_TIM_Base_MspInit  tim.o
    0x08003cfc   0x08003cfc   0x00000088   Code   RO         1316    .text.HAL_TIM_Base_Start  stm32h7xx_hal_tim.o
    0x08003d84   0x08003d84   0x00000128   Code   RO         1498    .text.HAL_TIM_ConfigClockSource  stm32h7xx_hal_tim.o
    0x08003eac   0x08003eac   0x00000002   Code   RO         1442    .text.HAL_TIM_IC_CaptureCallback  stm32h7xx_hal_tim.o
    0x08003eae   0x08003eae   0x00000188   Code   RO         1440    .text.HAL_TIM_IRQHandler  stm32h7xx_hal_tim.o
    0x08004036   0x08004036   0x00000002   PAD
    0x08004038   0x08004038   0x00000090   Code   RO          218    .text.HAL_TIM_MspPostInit  tim.o
    0x080040c8   0x080040c8   0x00000002   Code   RO         1444    .text.HAL_TIM_OC_DelayElapsedCallback  stm32h7xx_hal_tim.o
    0x080040ca   0x080040ca   0x00000002   PAD
    0x080040cc   0x080040cc   0x000000ba   Code   RO         1472    .text.HAL_TIM_PWM_ConfigChannel  stm32h7xx_hal_tim.o
    0x08004186   0x08004186   0x00000060   Code   RO         1360    .text.HAL_TIM_PWM_Init  stm32h7xx_hal_tim.o
    0x080041e6   0x080041e6   0x00000002   Code   RO         1362    .text.HAL_TIM_PWM_MspInit  stm32h7xx_hal_tim.o
    0x080041e8   0x080041e8   0x00000002   Code   RO         1446    .text.HAL_TIM_PWM_PulseFinishedCallback  stm32h7xx_hal_tim.o
    0x080041ea   0x080041ea   0x00000002   PAD
    0x080041ec   0x080041ec   0x00000134   Code   RO         1368    .text.HAL_TIM_PWM_Start  stm32h7xx_hal_tim.o
    0x08004320   0x08004320   0x00000002   Code   RO         1448    .text.HAL_TIM_PeriodElapsedCallback  stm32h7xx_hal_tim.o
    0x08004322   0x08004322   0x00000002   Code   RO         1450    .text.HAL_TIM_TriggerCallback  stm32h7xx_hal_tim.o
    0x08004324   0x08004324   0x00000036   Code   RO         1821    .text.HAL_UARTEx_DisableFifoMode  stm32h7xx_hal_uart_ex.o
    0x0800435a   0x0800435a   0x00000002   Code   RO         1747    .text.HAL_UARTEx_RxEventCallback  stm32h7xx_hal_uart.o
    0x0800435c   0x0800435c   0x00000002   Code   RO         1805    .text.HAL_UARTEx_RxFifoFullCallback  stm32h7xx_hal_uart_ex.o
    0x0800435e   0x0800435e   0x0000004a   Code   RO         1825    .text.HAL_UARTEx_SetRxFifoThreshold  stm32h7xx_hal_uart_ex.o
    0x080043a8   0x080043a8   0x0000004a   Code   RO         1823    .text.HAL_UARTEx_SetTxFifoThreshold  stm32h7xx_hal_uart_ex.o
    0x080043f2   0x080043f2   0x00000002   Code   RO         1807    .text.HAL_UARTEx_TxFifoEmptyCallback  stm32h7xx_hal_uart_ex.o
    0x080043f4   0x080043f4   0x00000002   Code   RO         1803    .text.HAL_UARTEx_WakeupCallback  stm32h7xx_hal_uart_ex.o
    0x080043f6   0x080043f6   0x00000002   Code   RO         1745    .text.HAL_UART_ErrorCallback  stm32h7xx_hal_uart.o
    0x080043f8   0x080043f8   0x0000031c   Code   RO         1741    .text.HAL_UART_IRQHandler  stm32h7xx_hal_uart.o
    0x08004714   0x08004714   0x00000064   Code   RO         1653    .text.HAL_UART_Init  stm32h7xx_hal_uart.o
    0x08004778   0x08004778   0x000001e8   Code   RO          249    .text.HAL_UART_MspInit  usart.o
    0x08004960   0x08004960   0x00000054   Code   RO         1689    .text.HAL_UART_Receive_IT  stm32h7xx_hal_uart.o
    0x080049b4   0x080049b4   0x000004cc   Code   RO          138    .text.HAL_UART_RxCpltCallback  main.o
    0x08004e80   0x08004e80   0x000000a0   Code   RO         1679    .text.HAL_UART_Transmit_IT  stm32h7xx_hal_uart.o
    0x08004f20   0x08004f20   0x00000002   Code   RO         1749    .text.HAL_UART_TxCpltCallback  stm32h7xx_hal_uart.o
    0x08004f22   0x08004f22   0x00000002   Code   RO          269    .text.HardFault_Handler  stm32h7xx_it.o
    0x08004f24   0x08004f24   0x00000038   Code   RO           76    .text.LCD_Address_Set  lcd_init.o
    0x08004f5c   0x08004f5c   0x00000016   Code   RO           36    .text.LCD_DrawPoint  lcd.o
    0x08004f72   0x08004f72   0x0000003e   Code   RO           34    .text.LCD_Fill      lcd.o
    0x08004fb0   0x08004fb0   0x0000017c   Code   RO           78    .text.LCD_Init      lcd_init.o
    0x0800512c   0x0800512c   0x000000c4   Code   RO           54    .text.LCD_ShowChinese  lcd.o
    0x080051f0   0x080051f0   0x00000014   Code   RO           72    .text.LCD_WR_DATA   lcd_init.o
    0x08005204   0x08005204   0x00000028   Code   RO           74    .text.LCD_WR_REG    lcd_init.o
    0x0800522c   0x0800522c   0x00000064   Code   RO           68    .text.LCD_Writ_Bus  lcd_init.o
    0x08005290   0x08005290   0x00000022   Code   RO          370    .text.LL_ADC_SetChannelSamplingTime  stm32h7xx_hal_adc.o
    0x080052b2   0x080052b2   0x00000002   PAD
    0x080052b4   0x080052b4   0x00000094   Code   RO          190    .text.MX_ADC1_Init  adc.o
    0x08005348   0x08005348   0x00000040   Code   RO          206    .text.MX_DMA_Init   dma.o
    0x08005388   0x08005388   0x0000019c   Code   RO          179    .text.MX_GPIO_Init  gpio.o
    0x08005524   0x08005524   0x000000e4   Code   RO          216    .text.MX_TIM1_Init  tim.o
    0x08005608   0x08005608   0x00000068   Code   RO          220    .text.MX_TIM2_Init  tim.o
    0x08005670   0x08005670   0x000000a4   Code   RO          222    .text.MX_TIM3_Init  tim.o
    0x08005714   0x08005714   0x00000068   Code   RO          224    .text.MX_TIM4_Init  tim.o
    0x0800577c   0x0800577c   0x00000068   Code   RO          243    .text.MX_UART8_Init  usart.o
    0x080057e4   0x080057e4   0x00000068   Code   RO          245    .text.MX_USART1_UART_Init  usart.o
    0x0800584c   0x0800584c   0x00000068   Code   RO          247    .text.MX_USART6_UART_Init  usart.o
    0x080058b4   0x080058b4   0x00000002   Code   RO          271    .text.MemManage_Handler  stm32h7xx_it.o
    0x080058b6   0x080058b6   0x00000002   Code   RO          267    .text.NMI_Handler   stm32h7xx_it.o
    0x080058b8   0x080058b8   0x00000002   Code   RO          281    .text.PendSV_Handler  stm32h7xx_it.o
    0x080058ba   0x080058ba   0x00000002   PAD
    0x080058bc   0x080058bc   0x00000100   Code   RO          499    .text.RCCEx_PLL2_Config  stm32h7xx_hal_rcc_ex.o
    0x080059bc   0x080059bc   0x00000100   Code   RO          501    .text.RCCEx_PLL3_Config  stm32h7xx_hal_rcc_ex.o
    0x08005abc   0x08005abc   0x00000002   Code   RO          277    .text.SVC_Handler   stm32h7xx_it.o
    0x08005abe   0x08005abe   0x00000004   Code   RO          283    .text.SysTick_Handler  stm32h7xx_it.o
    0x08005ac2   0x08005ac2   0x00000002   PAD
    0x08005ac4   0x08005ac4   0x000000c0   Code   RO          156    .text.SystemClock_Config  main.o
    0x08005b84   0x08005b84   0x000000b4   Code   RO         1845    .text.SystemInit    system_stm32h7xx.o
    0x08005c38   0x08005c38   0x0000000c   Code   RO          293    .text.TIM2_IRQHandler  stm32h7xx_it.o
    0x08005c44   0x08005c44   0x000000e4   Code   RO         1310    .text.TIM_Base_SetConfig  stm32h7xx_hal_tim.o
    0x08005d28   0x08005d28   0x0000001e   Code   RO         1344    .text.TIM_CCxChannelCmd  stm32h7xx_hal_tim.o
    0x08005d46   0x08005d46   0x00000002   PAD
    0x08005d48   0x08005d48   0x00000074   Code   RO         1454    .text.TIM_OC1_SetConfig  stm32h7xx_hal_tim.o
    0x08005dbc   0x08005dbc   0x00000078   Code   RO         1456    .text.TIM_OC2_SetConfig  stm32h7xx_hal_tim.o
    0x08005e34   0x08005e34   0x0000007c   Code   RO         1458    .text.TIM_OC3_SetConfig  stm32h7xx_hal_tim.o
    0x08005eb0   0x08005eb0   0x00000064   Code   RO         1460    .text.TIM_OC4_SetConfig  stm32h7xx_hal_tim.o
    0x08005f14   0x08005f14   0x00000068   Code   RO         1462    .text.TIM_OC5_SetConfig  stm32h7xx_hal_tim.o
    0x08005f7c   0x08005f7c   0x00000078   Code   RO         1464    .text.TIM_OC6_SetConfig  stm32h7xx_hal_tim.o
    0x08005ff4   0x08005ff4   0x00000022   Code   RO         1500    .text.TIM_TI1_ConfigInputStage  stm32h7xx_hal_tim.o
    0x08006016   0x08006016   0x00000024   Code   RO         1502    .text.TIM_TI2_ConfigInputStage  stm32h7xx_hal_tim.o
    0x0800603a   0x0800603a   0x00000002   PAD
    0x0800603c   0x0800603c   0x0000000c   Code   RO          299    .text.UART8_IRQHandler  stm32h7xx_it.o
    0x08006048   0x08006048   0x00000054   Code   RO         1819    .text.UARTEx_SetNbDataToProcess  stm32h7xx_hal_uart_ex.o
    0x0800609c   0x0800609c   0x000000c6   Code   RO         1659    .text.UART_AdvFeatureConfig  stm32h7xx_hal_uart.o
    0x08006162   0x08006162   0x000000b4   Code   RO         1661    .text.UART_CheckIdleState  stm32h7xx_hal_uart.o
    0x08006216   0x08006216   0x00000010   Code   RO         1743    .text.UART_DMAAbortOnError  stm32h7xx_hal_uart.o
    0x08006226   0x08006226   0x00000002   PAD
    0x08006228   0x08006228   0x00000058   Code   RO         1713    .text.UART_EndRxTransfer  stm32h7xx_hal_uart.o
    0x08006280   0x08006280   0x000000cc   Code   RO         1783    .text.UART_RxISR_16BIT  stm32h7xx_hal_uart.o
    0x0800634c   0x0800634c   0x000001a8   Code   RO         1779    .text.UART_RxISR_16BIT_FIFOEN  stm32h7xx_hal_uart.o
    0x080064f4   0x080064f4   0x000000cc   Code   RO         1785    .text.UART_RxISR_8BIT  stm32h7xx_hal_uart.o
    0x080065c0   0x080065c0   0x000001b4   Code   RO         1781    .text.UART_RxISR_8BIT_FIFOEN  stm32h7xx_hal_uart.o
    0x08006774   0x08006774   0x0000039c   Code   RO         1657    .text.UART_SetConfig  stm32h7xx_hal_uart.o
    0x08006b10   0x08006b10   0x0000011c   Code   RO         1691    .text.UART_Start_Receive_IT  stm32h7xx_hal_uart.o
    0x08006c2c   0x08006c2c   0x00000056   Code   RO         1685    .text.UART_TxISR_16BIT  stm32h7xx_hal_uart.o
    0x08006c82   0x08006c82   0x0000006c   Code   RO         1681    .text.UART_TxISR_16BIT_FIFOEN  stm32h7xx_hal_uart.o
    0x08006cee   0x08006cee   0x00000052   Code   RO         1687    .text.UART_TxISR_8BIT  stm32h7xx_hal_uart.o
    0x08006d40   0x08006d40   0x00000068   Code   RO         1683    .text.UART_TxISR_8BIT_FIFOEN  stm32h7xx_hal_uart.o
    0x08006da8   0x08006da8   0x00000092   Code   RO         1675    .text.UART_WaitOnFlagUntilTimeout  stm32h7xx_hal_uart.o
    0x08006e3a   0x08006e3a   0x00000002   PAD
    0x08006e3c   0x08006e3c   0x00000008   Code   RO          295    .text.USART1_IRQHandler  stm32h7xx_it.o
    0x08006e44   0x08006e44   0x00000008   Code   RO          297    .text.USART6_IRQHandler  stm32h7xx_it.o
    0x08006e4c   0x08006e4c   0x00000002   Code   RO          275    .text.UsageFault_Handler  stm32h7xx_it.o
    0x08006e4e   0x08006e4e   0x00000002   PAD
    0x08006e50   0x08006e50   0x00000020   Code   RO          937    .text.__NVIC_SetPriority  stm32h7xx_hal_cortex.o
    0x08006e70   0x08006e70   0x00000230   Code   RO          154    .text.main          main.o
    0x080070a0   0x080070a0   0x0000000e   Code   RO         2169    i.__scatterload_copy  mc_w.l(handlers.o)
    0x080070ae   0x080070ae   0x00000002   Code   RO         2170    i.__scatterload_null  mc_w.l(handlers.o)
    0x080070b0   0x080070b0   0x0000000e   Code   RO         2171    i.__scatterload_zeroinit  mc_w.l(handlers.o)
    0x080070be   0x080070be   0x00000220   Data   RO           57    .rodata.Chinese_16word  lcd.o
    0x080072de   0x080072de   0x000001b0   Data   RO           58    .rodata.Chinese_24word  lcd.o
    0x0800748e   0x0800748e   0x00000010   Data   RO         1849    .rodata.D1CorePrescTable  system_stm32h7xx.o
    0x0800749e   0x0800749e   0x00000018   Data   RO         1791    .rodata.UARTPrescTable  stm32h7xx_hal_uart.o
    0x080074b6   0x080074b6   0x00000008   Data   RO          715    .rodata.cst8        stm32h7xx_hal_dma.o
    0x080074be   0x080074be   0x00000010   Data   RO         1835    .rodata.cst8        stm32h7xx_hal_uart_ex.o
    0x080074ce   0x080074ce   0x00000002   PAD
    0x080074d0   0x080074d0   0x00000020   Data   RO         2168    Region$$Table       anon$$obj.o


    Execution Region RW_IRAM1 (Exec base: 0x20000000, Load base: 0x080074f0, Size: 0x00000000, Max: 0x00020000, ABSOLUTE)

    **** No section assigned to this execution region ****


    Execution Region RW_IRAM2 (Exec base: 0x24000000, Load base: 0x080074f0, Size: 0x000008f8, Max: 0x00080000, ABSOLUTE)

    Exec Addr    Load Addr    Size         Type   Attr      Idx    E Section Name        Object

    0x24000000   0x080074f0   0x00000036   Data   RW          168    .data..L_MergedGlobals  main.o
    0x24000036   0x08007526   0x00000002   PAD
    0x24000038   0x08007528   0x00000008   Data   RW         1081    .data..L_MergedGlobals  stm32h7xx_hal.o
    0x24000040   0x08007530   0x00000008   Data   RW         1850    .data..L_MergedGlobals  system_stm32h7xx.o
    0x24000048        -       0x00000061   Zero   RW          169    .bss..L_MergedGlobals.11  main.o
    0x240000a9   0x08007538   0x00000003   PAD
    0x240000ac        -       0x00000004   Zero   RW          122    .bss.distance_cm    hc-sr04.o
    0x240000b0        -       0x00000064   Zero   RW          196    .bss.hadc1          adc.o
    0x24000114        -       0x00000078   Zero   RW          256    .bss.hdma_usart1_rx  usart.o
    0x2400018c        -       0x00000078   Zero   RW          257    .bss.hdma_usart1_tx  usart.o
    0x24000204        -       0x0000004c   Zero   RW          230    .bss.htim1          tim.o
    0x24000250        -       0x0000004c   Zero   RW          231    .bss.htim2          tim.o
    0x2400029c        -       0x0000004c   Zero   RW          232    .bss.htim3          tim.o
    0x240002e8        -       0x0000004c   Zero   RW          233    .bss.htim4          tim.o
    0x24000334        -       0x00000094   Zero   RW          254    .bss.huart1         usart.o
    0x240003c8        -       0x00000094   Zero   RW          255    .bss.huart6         usart.o
    0x2400045c        -       0x00000094   Zero   RW          253    .bss.huart8         usart.o
    0x240004f0        -       0x00000004   Zero   RW         1080    .bss.uwTick         stm32h7xx_hal.o
    0x240004f4   0x08007538   0x00000004   PAD
    0x240004f8        -       0x00000400   Zero   RW            1    STACK               startup_stm32h750xx.o


==============================================================================

Image component sizes


      Code (inc. data)   RO Data    RW Data    ZI Data      Debug   Object Name

       320         24          0          0        100      11877   adc.o
       172          8          0          0          0       2925   dht11.o
        64          4          0          0          0       5310   dma.o
       412         16          0          0          0       6219   gpio.o
       132         28          0          0          4       1713   hc-sr04.o
       280          8        976          0          0       7050   lcd.o
       596         28          0          0          0       4977   lcd_init.o
      1988        436          0         54         97      12906   main.o
        36          8        664          0       1024        800   startup_stm32h750xx.o
       228         24          0          8          4      14621   stm32h7xx_hal.o
      2256        132          0          0          0      23856   stm32h7xx_hal_adc.o
       174          0          0          0          0      24484   stm32h7xx_hal_adc_ex.o
       196         28          0          0          0      11766   stm32h7xx_hal_cortex.o
      4052        532          8          0          0      14221   stm32h7xx_hal_dma.o
       444         20          0          0          0       6757   stm32h7xx_hal_gpio.o
        32          4          0          0          0       2199   stm32h7xx_hal_msp.o
        72          4          0          0          0      10221   stm32h7xx_hal_pwr_ex.o
      2234         64          0          0          0      11077   stm32h7xx_hal_rcc.o
      4468        248          0          0          0      17573   stm32h7xx_hal_rcc_ex.o
      2534        158          0          0          0      45172   stm32h7xx_hal_tim.o
       310          8          0          0          0      19525   stm32h7xx_hal_tim_ex.o
      4630        214         24          0          0      31773   stm32h7xx_hal_uart.o
       292          8         16          0          0       9601   stm32h7xx_hal_uart_ex.o
       102         20          0          0          0       1868   stm32h7xx_it.o
       180         40         16          8          0       5732   system_stm32h7xx.o
       876         48          0          0        304      12353   tim.o
       800         56          0          0        684      12262   usart.o

    ----------------------------------------------------------------------
     27916       2168       1738         72       2224     328838   Object Totals
         0          0         32          0          0          0   (incl. Generated)
        36          0          2          2          7          0   (incl. Padding)

    ----------------------------------------------------------------------

      Code (inc. data)   RO Data    RW Data    ZI Data      Debug   Library Member Name

         0          0          0          0          0          0   entry.o
         0          0          0          0          0          0   entry10a.o
         0          0          0          0          0          0   entry11a.o
         8          4          0          0          0          0   entry2.o
         4          0          0          0          0          0   entry5.o
         0          0          0          0          0          0   entry7b.o
         0          0          0          0          0          0   entry8b.o
         8          4          0          0          0          0   entry9a.o
        30          0          0          0          0          0   handlers.o
        36          8          0          0          0         68   init.o
        30          0          0          0          0         68   llshl.o
        32          0          0          0          0         68   llushr.o
        36          0          0          0          0        108   memseta.o
        98          0          0          0          0         92   uldiv.o

    ----------------------------------------------------------------------
       282         16          0          0          0        404   Library Totals
         0          0          0          0          0          0   (incl. Padding)

    ----------------------------------------------------------------------

      Code (inc. data)   RO Data    RW Data    ZI Data      Debug   Library Name

       282         16          0          0          0        404   mc_w.l

    ----------------------------------------------------------------------
       282         16          0          0          0        404   Library Totals

    ----------------------------------------------------------------------

==============================================================================


      Code (inc. data)   RO Data    RW Data    ZI Data      Debug   

     28198       2184       1738         72       2224     328942   Grand Totals
     28198       2184       1738         72       2224     328942   ELF Image Totals
     28198       2184       1738         72          0          0   ROM Totals

==============================================================================

    Total RO  Size (Code + RO Data)                29936 (  29.23kB)
    Total RW  Size (RW Data + ZI Data)              2296 (   2.24kB)
    Total ROM Size (Code + RO Data + RW Data)      30008 (  29.30kB)

==============================================================================

